\BOOKMARK [0][-]{chapter*.2}{\376\377\000A\000b\000s\000t\000r\000a\000c\000t}{}% 1
\BOOKMARK [0][-]{chapter.1}{\376\377\000I\000n\000t\000r\000o\000d\000u\000c\000c\000i\000\363\000n}{}% 2
\BOOKMARK [1][-]{section.1.1}{\376\377\000C\000o\000n\000t\000e\000x\000t\000o\000\040\000y\000\040\000r\000e\000l\000a\000c\000i\000\363\000n\000\040\000c\000o\000n\000\040\000e\000l\000\040\000m\000\351\000t\000o\000d\000o\000\040\000d\000e\000\040\000e\000l\000e\000m\000e\000n\000t\000o\000s\000\040\000f\000i\000n\000i\000t\000o\000s}{chapter.1}% 3
\BOOKMARK [1][-]{section.1.2}{\376\377\000E\000v\000o\000l\000u\000c\000i\000\363\000n\000\040\000d\000e\000l\000\040\000a\000n\000\341\000l\000i\000s\000i\000s\000\040\000i\000s\000o\000g\000e\000o\000m\000\351\000t\000r\000i\000c\000o}{chapter.1}% 4
\BOOKMARK [1][-]{section.1.3}{\376\377\000O\000b\000j\000e\000t\000i\000v\000o\000s}{chapter.1}% 5
\BOOKMARK [1][-]{section.1.4}{\376\377\000E\000l\000\040\000p\000r\000o\000b\000l\000e\000m\000a\000\040\000m\000o\000d\000e\000l\000o\000:\000\040\000l\000a\000\040\000e\000c\000u\000a\000c\000i\000\363\000n\000\040\000d\000e\000\040\000P\000o\000i\000s\000s\000o\000n}{chapter.1}% 6
\BOOKMARK [2][-]{subsection.1.4.1}{\376\377\000F\000o\000r\000m\000u\000l\000a\000c\000i\000\363\000n\000\040\000f\000u\000e\000r\000t\000e\000\040\000\050\000o\000\040\000c\000l\000\341\000s\000i\000c\000a\000\051}{section.1.4}% 7
\BOOKMARK [2][-]{subsection.1.4.2}{\376\377\000F\000o\000r\000m\000u\000l\000a\000c\000i\000\363\000n\000\040\000v\000a\000r\000i\000a\000c\000i\000o\000n\000a\000l\000\040\000\050\000o\000\040\000d\000\351\000b\000i\000l\000\051}{section.1.4}% 8
\BOOKMARK [1][-]{section.1.5}{\376\377\000E\000s\000t\000r\000u\000c\000t\000u\000r\000a\000\040\000d\000e\000l\000\040\000d\000o\000c\000u\000m\000e\000n\000t\000o}{chapter.1}% 9
\BOOKMARK [0][-]{chapter.2}{\376\377\000C\000o\000n\000s\000t\000r\000u\000c\000c\000i\000\363\000n\000\040\000d\000e\000\040\000c\000u\000r\000v\000a\000s\000\040\000y\000\040\000s\000u\000p\000e\000r\000f\000i\000c\000i\000e\000s\000\040\000m\000e\000d\000i\000a\000n\000t\000e\000\040\000C\000A\000D}{}% 10
\BOOKMARK [1][-]{section.2.1}{\376\377\000C\000u\000r\000v\000a\000s\000\040\000d\000e\000\040\000B\000\351\000z\000i\000e\000r}{chapter.2}% 11
\BOOKMARK [2][-]{subsection.2.1.1}{\376\377\000P\000o\000l\000i\000n\000o\000m\000i\000o\000s\000\040\000d\000e\000\040\000B\000e\000r\000n\000s\000t\000e\000i\000n}{section.2.1}% 12
\BOOKMARK [2][-]{subsection.2.1.2}{\376\377\000D\000e\000f\000i\000n\000i\000c\000i\000\363\000n\000\040\000y\000\040\000p\000r\000o\000p\000i\000e\000d\000a\000d\000e\000s}{section.2.1}% 13
\BOOKMARK [1][-]{section.2.2}{\376\377\000B\000-\000S\000p\000l\000i\000n\000e\000s}{chapter.2}% 14
\BOOKMARK [2][-]{subsection.2.2.1}{\376\377\000F\000u\000n\000c\000i\000o\000n\000e\000s\000\040\000b\000a\000s\000e\000\040\000B\000-\000S\000p\000l\000i\000n\000e}{section.2.2}% 15
\BOOKMARK [2][-]{subsection.2.2.2}{\376\377\000C\000u\000r\000v\000a\000s\000\040\000B\000-\000S\000p\000l\000i\000n\000e}{section.2.2}% 16
\BOOKMARK [2][-]{subsection.2.2.3}{\376\377\000S\000u\000p\000e\000r\000f\000i\000c\000i\000e\000s\000\040\000B\000-\000S\000p\000l\000i\000n\000e\000s}{section.2.2}% 17
\BOOKMARK [1][-]{section.2.3}{\376\377\000N\000U\000R\000B\000S}{chapter.2}% 18
\BOOKMARK [2][-]{subsection.2.3.1}{\376\377\000F\000u\000n\000c\000i\000o\000n\000e\000s\000\040\000b\000a\000s\000e\000\040\000N\000U\000R\000B\000S}{section.2.3}% 19
\BOOKMARK [2][-]{subsection.2.3.2}{\376\377\000C\000u\000r\000v\000a\000s\000\040\000N\000U\000R\000B\000S}{section.2.3}% 20
\BOOKMARK [2][-]{subsection.2.3.3}{\376\377\000S\000u\000p\000e\000r\000f\000i\000c\000i\000e\000s\000\040\000N\000U\000R\000B\000S}{section.2.3}% 21
\BOOKMARK [1][-]{section.2.4}{\376\377\000R\000e\000f\000i\000n\000a\000m\000i\000e\000n\000t\000o\000\040\000d\000e\000\040\000c\000u\000r\000v\000a\000s\000\040\000y\000\040\000s\000u\000p\000e\000r\000f\000i\000c\000i\000e\000s}{chapter.2}% 22
\BOOKMARK [2][-]{subsection.2.4.1}{\376\377\000I\000n\000s\000e\000r\000c\000i\000\363\000n\000\040\000d\000e\000\040\000n\000u\000d\000o\000s}{section.2.4}% 23
\BOOKMARK [2][-]{subsection.2.4.2}{\376\377\000E\000l\000e\000v\000a\000c\000i\000\363\000n\000\040\000d\000e\000l\000\040\000g\000r\000a\000d\000o\000\040\000p\000o\000l\000i\000n\000o\000m\000i\000a\000l}{section.2.4}% 24
\BOOKMARK [0][-]{chapter.3}{\376\377\000A\000n\000\341\000l\000i\000s\000i\000s\000\040\000i\000s\000o\000g\000e\000o\000m\000\351\000t\000r\000i\000c\000o}{}% 25
\BOOKMARK [1][-]{section.3.1}{\376\377\000F\000o\000r\000m\000u\000l\000a\000c\000i\000\363\000n\000\040\000v\000a\000r\000i\000a\000c\000i\000o\000n\000a\000l}{chapter.3}% 26
\BOOKMARK [1][-]{section.3.2}{\376\377\000F\000o\000r\000m\000u\000l\000a\000c\000i\000\363\000n\000\040\000d\000i\000s\000c\000r\000e\000t\000a\000\040\000d\000e\000\040\000G\000a\000l\000e\000r\000k\000i\000n}{chapter.3}% 27
\BOOKMARK [1][-]{section.3.3}{\376\377\000P\000r\000o\000p\000i\000e\000d\000a\000d\000e\000s\000\040\000d\000e\000l\000\040\000s\000i\000s\000t\000e\000m\000a}{chapter.3}% 28
\BOOKMARK [1][-]{section.3.4}{\376\377\000C\000a\000s\000o\000\040\0001\000D}{chapter.3}% 29
\BOOKMARK [2][-]{subsection.3.4.1}{\376\377\000E\000l\000e\000m\000e\000n\000t\000o\000s\000\040\000d\000e\000\040\000l\000a\000\040\000m\000a\000t\000r\000i\000z\000\040\000g\000l\000o\000b\000a\000l\000\040\000y\000\040\000e\000l\000\040\000v\000e\000c\000t\000o\000r\000\040\000d\000e\000\040\000c\000a\000r\000g\000a}{section.3.4}% 30
\BOOKMARK [2][-]{subsection.3.4.2}{\376\377\000E\000n\000s\000a\000m\000b\000l\000a\000d\000o\000\040\000d\000e\000\040\000l\000a\000\040\000m\000a\000t\000r\000i\000z\000\040\000d\000e\000\040\000r\000i\000g\000i\000d\000e\000z\000\040\000y\000\040\000e\000l\000\040\000v\000e\000c\000t\000o\000r\000\040\000d\000e\000\040\000c\000a\000r\000g\000a\000s}{section.3.4}% 31
\BOOKMARK [2][-]{subsection.3.4.3}{\376\377\000I\000m\000p\000o\000s\000i\000c\000i\000\363\000n\000\040\000d\000e\000\040\000c\000o\000n\000d\000i\000c\000i\000o\000n\000e\000s\000\040\000d\000e\000\040\000c\000o\000n\000t\000o\000r\000n\000o\000.}{section.3.4}% 32
\BOOKMARK [1][-]{section.3.5}{\376\377\000C\000a\000s\000o\000\040\0002\000D}{chapter.3}% 33
\BOOKMARK [2][-]{subsection.3.5.1}{\376\377\000E\000l\000e\000m\000e\000n\000t\000o\000s\000\040\000d\000e\000\040\000l\000a\000\040\000m\000a\000t\000r\000i\000z\000\040\000g\000l\000o\000b\000a\000l\000\040\000y\000\040\000e\000l\000\040\000v\000e\000c\000t\000o\000r\000\040\000d\000e\000\040\000c\000a\000r\000g\000a}{section.3.5}% 34
\BOOKMARK [2][-]{subsection.3.5.2}{\376\377\000E\000n\000s\000a\000m\000b\000l\000a\000d\000o\000\040\000d\000e\000\040\000l\000a\000\040\000m\000a\000t\000r\000i\000z\000\040\000d\000e\000\040\000r\000i\000g\000i\000d\000e\000z\000\040\000y\000\040\000e\000l\000\040\000v\000e\000c\000t\000o\000r\000\040\000d\000e\000\040\000c\000a\000r\000g\000a\000s}{section.3.5}% 35
\BOOKMARK [2][-]{subsection.3.5.3}{\376\377\000I\000m\000p\000o\000s\000i\000c\000i\000\363\000n\000\040\000d\000e\000\040\000c\000o\000n\000d\000i\000c\000i\000o\000n\000e\000s\000\040\000d\000e\000\040\000c\000o\000n\000t\000o\000r\000n\000o}{section.3.5}% 36
\BOOKMARK [1][-]{section.3.6}{\376\377\000C\000o\000n\000v\000e\000r\000g\000e\000n\000c\000i\000a\000\040\000e\000n\000\040\000L\0002\000\040\000y\000\040\000H\0001\000\040\000y\000\040\000t\000i\000e\000m\000p\000o\000\040\000d\000e\000\040\000c\000o\000m\000p\000u\000t\000a\000c\000i\000\363\000n\000\040\000t\000e\000\363\000r\000i\000c\000o}{chapter.3}% 37
\BOOKMARK [2][-]{subsection.3.6.1}{\376\377\000C\000o\000n\000v\000e\000r\000g\000e\000n\000c\000i\000a}{section.3.6}% 38
\BOOKMARK [2][-]{subsection.3.6.2}{\376\377\000C\000o\000s\000t\000e\000\040\000c\000o\000m\000p\000u\000t\000a\000c\000i\000o\000n\000a\000l}{section.3.6}% 39
\BOOKMARK [0][-]{chapter.4}{\376\377\000R\000e\000s\000u\000l\000t\000a\000d\000o\000s\000.}{}% 40
\BOOKMARK [1][-]{section.4.1}{\376\377\000R\000e\000s\000u\000l\000t\000a\000d\000o\000s\000\040\000e\000n\000\040\0001\000D}{chapter.4}% 41
\BOOKMARK [1][-]{section.4.2}{\376\377\000R\000e\000s\000u\000l\000t\000a\000d\000o\000s\000\040\000e\000n\000\040\0002\000D}{chapter.4}% 42
\BOOKMARK [2][-]{subsection.4.2.1}{\376\377\000P\000r\000o\000b\000l\000e\000m\000a\000\040\0001}{section.4.2}% 43
\BOOKMARK [2][-]{subsection.4.2.2}{\376\377\000P\000r\000o\000b\000l\000e\000m\000a\000\040\0002}{section.4.2}% 44
\BOOKMARK [0][-]{chapter.5}{\376\377\000C\000o\000n\000c\000l\000u\000s\000i\000o\000n\000e\000s}{}% 45
\BOOKMARK [1][-]{section.5.1}{\376\377\000T\000r\000a\000b\000a\000j\000o\000\040\000f\000u\000t\000u\000r\000o}{chapter.5}% 46
\BOOKMARK [0][-]{section*.33}{\376\377\000B\000i\000b\000l\000i\000o\000g\000r\000a\000f\000\355\000a}{}% 47
\BOOKMARK [0][-]{chapter*.36}{\376\377\000A\000n\000e\000x\000o\000s}{}% 48
\BOOKMARK [1][-]{section.5.1}{\376\377\000E\000s\000p\000a\000c\000i\000o\000s\000\040\000f\000u\000n\000c\000i\000o\000n\000a\000l\000e\000s\000\040\000e\000m\000p\000l\000e\000a\000d\000o\000s}{chapter*.36}% 49
\BOOKMARK [1][-]{section.5.2}{\376\377\000I\000m\000p\000l\000e\000m\000e\000n\000t\000a\000c\000i\000\363\000n\000\040\000c\000o\000m\000p\000u\000t\000a\000c\000i\000o\000n\000a\000l}{chapter*.36}% 50
\BOOKMARK [2][-]{subsection.5.2.1}{\376\377\000L\000e\000n\000g\000u\000a\000j\000e\000\040\000y\000\040\000l\000i\000b\000r\000e\000r\000\355\000a\000s\000\040\000u\000t\000i\000l\000i\000z\000a\000d\000o\000s}{section.5.2}% 51
\BOOKMARK [2][-]{subsection.5.2.2}{\376\377\000M\000\351\000t\000o\000d\000o\000s\000\040\000n\000u\000m\000\351\000r\000i\000c\000o\000s\000\040\000e\000m\000p\000l\000e\000a\000d\000o\000s}{section.5.2}% 52
\BOOKMARK [2][-]{subsection.5.2.3}{\376\377\000E\000s\000t\000r\000u\000c\000t\000u\000r\000a\000\040\000d\000e\000l\000\040\000p\000r\000o\000g\000r\000a\000m\000a}{section.5.2}% 53
\BOOKMARK [1][-]{section.5.3}{\376\377\000M\000\351\000t\000o\000d\000o\000\040\000d\000e\000\040\000l\000o\000s\000\040\000e\000l\000e\000m\000e\000n\000t\000o\000s\000\040\000f\000i\000n\000i\000t\000o\000s\000.}{chapter*.36}% 54
\BOOKMARK [1][-]{section.5.4}{\376\377\000D\000e\000m\000o\000s\000t\000r\000a\000c\000i\000o\000n\000e\000s\000\040\000o\000m\000i\000t\000i\000d\000a\000s}{chapter*.36}% 55
\BOOKMARK [2][-]{subsection.5.4.1}{\376\377\000P\000a\000s\000o\000\040\000d\000e\000\040\000S\000o\000l\000u\000c\000i\000\363\000n\000\040\000F\000u\000e\000r\000t\000e\000\040\000a\000\040\000S\000o\000l\000u\000c\000i\000\363\000n\000\040\000V\000a\000r\000i\000a\000c\000i\000o\000n\000a\000l}{section.5.4}% 56
\BOOKMARK [2][-]{subsection.5.4.2}{\376\377\000E\000x\000i\000s\000t\000e\000n\000c\000i\000a\000\040\000y\000\040\000u\000n\000i\000c\000i\000d\000a\000d\000\040\000d\000e\000\040\000l\000a\000\040\000s\000o\000l\000u\000c\000i\000\363\000n\000\040\000v\000a\000r\000i\000a\000c\000i\000o\000n\000a\000l\000\040\000\050\000l\000e\000m\000a\000\040\000d\000e\000\040\000L\000a\000x\000-\000M\000i\000l\000g\000r\000a\000m\000\051}{section.5.4}% 57
\BOOKMARK [2][-]{subsection.5.4.3}{\376\377\000E\000q\000u\000i\000v\000a\000l\000e\000n\000c\000i\000a\000\040\000d\000e\000\040\000l\000a\000\040\000s\000o\000l\000u\000c\000i\000\363\000n\000\040\000d\000e\000\040\000l\000a\000\040\000f\000o\000r\000m\000u\000l\000a\000c\000i\000\363\000n\000\040\000v\000a\000r\000i\000a\000c\000i\000o\000n\000a\000l\000\040\000y\000\040\000f\000u\000e\000r\000t\000e}{section.5.4}% 58
\BOOKMARK [2][-]{subsection.5.4.4}{\376\377\000E\000q\000u\000i\000v\000a\000l\000e\000n\000c\000i\000a\000\040\000d\000e\000\040\000n\000o\000r\000m\000a\000s}{section.5.4}% 59
\BOOKMARK [2][-]{subsection.5.4.5}{\376\377\000C\000o\000n\000t\000i\000n\000u\000i\000d\000a\000d\000\040\000d\000e\000\040\000l\000a\000\040\000f\000o\000r\000m\000a\000\040\000l\000i\000n\000e\000a\000l\000\040\000d\000u\000a\000l}{section.5.4}% 60
\BOOKMARK [2][-]{subsection.5.4.6}{\376\377\000P\000r\000o\000p\000i\000e\000d\000a\000d\000e\000s\000\040\000d\000e\000\040\000B\000\351\000z\000i\000e\000r}{section.5.4}% 61
\BOOKMARK [2][-]{subsection.5.4.7}{\376\377\000P\000r\000o\000p\000i\000e\000d\000a\000d\000e\000s\000\040\000d\000e\000\040\000l\000o\000s\000\040\000B\000-\000S\000p\000l\000i\000n\000e\000s}{section.5.4}% 62
\BOOKMARK [2][-]{subsection.5.4.8}{\376\377\000D\000e\000r\000i\000v\000a\000d\000a\000\040\000d\000e\000\040\000l\000a\000s\000\040\000f\000u\000n\000c\000i\000o\000n\000e\000s\000\040\000b\000a\000s\000e\000\040\000N\000U\000R\000B\000S}{section.5.4}% 63
\BOOKMARK [2][-]{subsection.5.4.9}{\376\377\000D\000e\000r\000i\000v\000a\000d\000a\000\040\000d\000e\000\040\000l\000a\000\040\000c\000u\000r\000v\000a\000\040\000N\000U\000R\000B\000S}{section.5.4}% 64
\BOOKMARK [2][-]{subsection.5.4.10}{\376\377\000C\000o\000m\000p\000o\000r\000t\000a\000m\000i\000e\000n\000t\000o\000\040\000d\000i\000r\000e\000c\000c\000i\000o\000n\000a\000l\000\040\000d\000e\000\040\000l\000a\000s\000\040\000s\000u\000p\000e\000r\000f\000i\000c\000i\000e\000s\000\040\000N\000U\000R\000B\000S}{section.5.4}% 65
\BOOKMARK [2][-]{subsection.5.4.11}{\376\377\000I\000g\000u\000a\000l\000d\000a\000d\000\040\000d\000e\000\040\000l\000a\000s\000\040\000n\000u\000e\000v\000a\000s\000\040\000f\000u\000n\000c\000i\000o\000n\000e\000s\000\040\000b\000a\000s\000e\000\040\000b\000a\000j\000o\000\040\000r\000e\000f\000i\000n\000a\000m\000i\000e\000n\000t\000o}{section.5.4}% 66
\BOOKMARK [2][-]{subsection.5.4.12}{\376\377\000E\000q\000u\000i\000v\000a\000l\000e\000n\000c\000i\000a\000\040\000d\000e\000\040\000c\000u\000r\000v\000a\000s\000\040\000b\000a\000j\000o\000\040\000r\000e\000f\000i\000n\000a\000m\000i\000e\000n\000t\000o}{section.5.4}% 67
\BOOKMARK [2][-]{subsection.5.4.13}{\376\377\000P\000r\000o\000p\000o\000s\000i\000c\000i\000o\000n\000e\000s\000\040\000e\000l\000e\000v\000a\000c\000i\000\363\000n\000\040\000d\000e\000l\000\040\000g\000r\000a\000d\000o\000\040\000p\000o\000l\000i\000n\000o\000m\000i\000a\000l}{section.5.4}% 68
\BOOKMARK [2][-]{subsection.5.4.14}{\376\377\000P\000r\000o\000p\000i\000e\000d\000a\000d\000e\000s\000\040\000d\000e\000l\000\040\000s\000i\000s\000t\000e\000m\000a}{section.5.4}% 69
\BOOKMARK [2][-]{subsection.5.4.15}{\376\377\000C\000o\000n\000v\000e\000r\000g\000e\000n\000c\000i\000a\000\040\000e\000n\000\040\000I\000G\000A}{section.5.4}% 70
\BOOKMARK [1][-]{section.5.5}{\376\377\000B\000a\000s\000e\000\040\000t\000e\000\363\000r\000i\000c\000a\000\040\000d\000e\000\040\000l\000o\000s\000\040\000a\000l\000g\000o\000r\000i\000t\000m\000o\000s\000\040\000d\000e\000\040\000c\000o\000n\000d\000i\000c\000i\000o\000n\000e\000s\000\040\000d\000e\000\040\000c\000o\000n\000t\000o\000r\000n\000o}{chapter*.36}% 71
\BOOKMARK [2][-]{subsection.5.5.1}{\376\377\000T\000i\000p\000o\000\040\000D\000i\000r\000i\000c\000h\000l\000e\000t}{section.5.5}% 72
\BOOKMARK [2][-]{subsection.5.5.2}{\376\377\000T\000i\000p\000o\000\040\000N\000e\000u\000m\000a\000n\000n}{section.5.5}% 73
\BOOKMARK [2][-]{subsection.5.5.3}{\376\377\000T\000i\000p\000o\000\040\000R\000o\000b\000i\000n\000\040\000o\000\040\000m\000i\000x\000t\000a\000s}{section.5.5}% 74
\BOOKMARK [1][-]{section.5.6}{\376\377\000E\000x\000p\000l\000i\000c\000a\000c\000i\000\363\000n\000\040\000y\000\040\000p\000a\000r\000\341\000m\000e\000t\000r\000o\000s\000\040\000d\000e\000\040\000l\000a\000s\000\040\000f\000i\000g\000u\000r\000a\000s}{chapter*.36}% 75
\BOOKMARK [2][-]{subsection.5.6.1}{\376\377\000F\000i\000g\000u\000r\000a\000\040\0001\000.\0001}{section.5.6}% 76
\BOOKMARK [2][-]{subsection.5.6.2}{\376\377\000F\000i\000g\000u\000r\000a\000\040\0002\000.\0005}{section.5.6}% 77
\BOOKMARK [1][-]{section.5.7}{\376\377\000C\000\363\000d\000i\000g\000o\000\040\000o\000m\000i\000t\000i\000d\000o}{chapter*.36}% 78
\BOOKMARK [2][-]{subsection.5.7.1}{\376\377\000F\000E\000M}{section.5.7}% 79
\BOOKMARK [2][-]{subsection.5.7.2}{\376\377\000F\000i\000g\000u\000r\000a\000s\000\040\000d\000e\000\040\000B\000\351\000z\000i\000e\000r}{section.5.7}% 80
\BOOKMARK [2][-]{subsection.5.7.3}{\376\377\000C\000\363\000d\000i\000g\000o\000\040\000f\000u\000n\000d\000a\000m\000e\000n\000t\000a\000l\000\040\000p\000a\000r\000a\000\040\000e\000l\000\040\000f\000u\000n\000c\000i\000o\000n\000a\000m\000i\000e\000n\000t\000o\000\040\000e\000n\000\040\000C\000+\000+}{section.5.7}% 81
\BOOKMARK [2][-]{subsection.5.7.4}{\376\377\000C\000u\000r\000v\000a\000s\000\040\000d\000e\000\040\000N\000U\000R\000B\000S}{section.5.7}% 82
\BOOKMARK [2][-]{subsection.5.7.5}{\376\377\000S\000u\000p\000e\000r\000f\000i\000c\000i\000e\000s\000\040\000d\000e\000\040\000N\000U\000R\000B\000S}{section.5.7}% 83
\BOOKMARK [2][-]{subsection.5.7.6}{\376\377\000I\000m\000p\000l\000e\000m\000e\000n\000t\000a\000c\000i\000o\000n\000e\000s\000\040\000d\000e\000\040\000I\000G\000A}{section.5.7}% 84
