This is pdfTeX, Version 3.141592653-2.6-1.40.27 (MiKTeX 25.4) (preloaded format=pdflatex 2025.11.29)  1 DEC 2025 23:53
entering extended mode
 \write18 enabled.
 %&-line parsing enabled.
**c:/Users/carlo/OneDrive/Escritorio/Uni/TFG/Memorias/PlantillaTFG.tex
(c:/Users/carlo/OneDrive/Escritorio/Uni/TFG/Memorias/PlantillaTFG.tex
LaTeX2e <2025-11-01>
L3 programming layer <2025-11-06>
(C:\Users\carlo\AppData\Local\Programs\MiKTeX\tex/latex/base\book.cls
Document Class: book 2025/01/22 v1.4n Standard LaTeX document class
(C:\Users\carlo\AppData\Local\Programs\MiKTeX\tex/latex/base\bk11.clo
File: bk11.clo 2025/01/22 v1.4n Standard LaTeX file (size option)
)
\c@part=\count275
\c@chapter=\count276
\c@section=\count277
\c@subsection=\count278
\c@subsubsection=\count279
\c@paragraph=\count280
\c@subparagraph=\count281
\c@figure=\count282
\c@table=\count283
\abovecaptionskip=\skip49
\belowcaptionskip=\skip50
\bibindent=\dimen148
) (C:\Users\carlo\AppData\Local\Programs\MiKTeX\tex/latex/geometry\geometry.sty
Package: geometry 2020/01/02 v5.9 Page Geometry
 (C:\Users\carlo\AppData\Local\Programs\MiKTeX\tex/latex/graphics\keyval.sty
Package: keyval 2022/05/29 v1.15 key=value parser (DPC)
\KV@toks@=\toks17
) (C:\Users\carlo\AppData\Local\Programs\MiKTeX\tex/generic/iftex\ifvtex.sty
Package: ifvtex 2019/10/25 v1.7 ifvtex legacy package. Use iftex instead.
 (C:\Users\carlo\AppData\Local\Programs\MiKTeX\tex/generic/iftex\iftex.sty
Package: iftex 2024/12/12 v1.0g TeX engine tests
))
\Gm@cnth=\count284
\Gm@cntv=\count285
\c@Gm@tempcnt=\count286
\Gm@bindingoffset=\dimen149
\Gm@wd@mp=\dimen150
\Gm@odd@mp=\dimen151
\Gm@even@mp=\dimen152
\Gm@layoutwidth=\dimen153
\Gm@layoutheight=\dimen154
\Gm@layouthoffset=\dimen155
\Gm@layoutvoffset=\dimen156
\Gm@dimlist=\toks18
 (C:\Users\carlo\AppData\Local\Programs\MiKTeX\tex/latex/geometry\geometry.cfg)) (C:\Users\carlo\AppData\Local\Programs\MiKTeX\tex/latex/natbib\natbib.sty
Package: natbib 2010/09/13 8.31b (PWD, AO)
\bibhang=\skip51
\bibsep=\skip52
LaTeX Info: Redefining \cite on input line 694.
\c@NAT@ctr=\count287
) (C:\Users\carlo\AppData\Local\Programs\MiKTeX\tex/latex/base\inputenc.sty
Package: inputenc 2024/02/08 v1.3d Input encoding file
\inpenc@prehook=\toks19
\inpenc@posthook=\toks20
) (C:\Users\carlo\AppData\Local\Programs\MiKTeX\tex/generic/babel\babel.sty
Package: babel 2025/11/09 v25.15 The multilingual framework for LuaLaTeX, pdfLaTeX and XeLaTeX
\babel@savecnt=\count288
LaTeX Encoding Info:    Redeclaring text command \ij (encoding OT1) on input line 2050.
LaTeX Encoding Info:    Redeclaring text command \IJ (encoding OT1) on input line 2052.
LaTeX Encoding Info:    Redeclaring text command \ij (encoding T1) on input line 2054.
LaTeX Encoding Info:    Redeclaring text command \IJ (encoding T1) on input line 2055.
LaTeX Encoding Info:    Ignoring declaration for text command \ij (encoding ?) on input line 2056.
LaTeX Encoding Info:    Ignoring declaration for text command \IJ (encoding ?) on input line 2058.
LaTeX Encoding Info:    Ignoring declaration for text command \SS (encoding ?) on input line 2083.
\U@D=\dimen157
\l@unhyphenated=\language79
 (C:\Users\carlo\AppData\Local\Programs\MiKTeX\tex/generic/babel\txtbabel.def)
\bbl@readstream=\read2
\bbl@dirlevel=\count289
Package babel Info: Configuration files are deprecated, as
(babel)             they can break document portability.
(babel)             Reported on input line 4175.

*************************************
* Local config file bblopts.cfg used
*
(C:\Users\carlo\AppData\Local\Programs\MiKTeX\tex/latex/arabi\bblopts.cfg
File: bblopts.cfg 2005/09/08 v0.1 add Arabic and Farsi to "declared" options of babel
) (C:\Users\carlo\AppData\Local\Programs\MiKTeX\tex/generic/babel/locale/es\babel-spanish.tex)
Package babel Info: Importing font and identification data for spanish
(babel)             from babel-es.ini. Reported on input line 4298.
 (C:\Users\carlo\AppData\Local\Programs\MiKTeX\tex/latex/babel-spanish\spanish.ldf
Language: spanish.ldf 2021/05/27 v5.0q Spanish support from the babel system
\es@quottoks=\toks21
\es@quotdepth=\count290
Package babel Info: Making " an active character on input line 570.
Package babel Info: Making . an active character on input line 675.
Package babel Info: Making < an active character on input line 722.
Package babel Info: Making > an active character on input line 722.
))
LaTeX Encoding Info:    Redeclaring text command \guillemotleft (encoding OT1) on input line 31.
LaTeX Encoding Info:    Redeclaring text command \guillemotright (encoding OT1) on input line 31.
 (C:\Users\carlo\AppData\Local\Programs\MiKTeX\tex/latex/base\fontenc.sty
Package: fontenc 2025/07/18 v2.1d Standard LaTeX package
) (C:\Users\carlo\AppData\Local\Programs\MiKTeX\tex/latex/graphics\graphicx.sty
Package: graphicx 2024/12/31 v1.2e Enhanced LaTeX Graphics (DPC,SPQR)
 (C:\Users\carlo\AppData\Local\Programs\MiKTeX\tex/latex/graphics\graphics.sty
Package: graphics 2024/08/06 v1.4g Standard LaTeX Graphics (DPC,SPQR)
 (C:\Users\carlo\AppData\Local\Programs\MiKTeX\tex/latex/graphics\trig.sty
Package: trig 2023/12/02 v1.11 sin cos tan (DPC)
) (C:\Users\carlo\AppData\Local\Programs\MiKTeX\tex/latex/graphics-cfg\graphics.cfg
File: graphics.cfg 2016/06/04 v1.11 sample graphics configuration
)
Package graphics Info: Driver file: pdftex.def on input line 106.
 (C:\Users\carlo\AppData\Local\Programs\MiKTeX\tex/latex/graphics-def\pdftex.def
File: pdftex.def 2025/09/29 v1.2d Graphics/color driver for pdftex
))
\Gin@req@height=\dimen158
\Gin@req@width=\dimen159
) (C:\Users\carlo\AppData\Local\Programs\MiKTeX\tex/latex/svg\svg.sty
Package: svg 2020/11/26 v2.02k (include SVG pictures)
 (C:\Users\carlo\AppData\Local\Programs\MiKTeX\tex/latex/koma-script\scrbase.sty
Package: scrbase 2025/09/09 v3.48 KOMA-Script package (KOMA-Script-independent basics and keyval usage)
 (C:\Users\carlo\AppData\Local\Programs\MiKTeX\tex/latex/koma-script\scrlfile.sty
Package: scrlfile 2025/09/09 v3.48 KOMA-Script package (file load hooks)
 (C:\Users\carlo\AppData\Local\Programs\MiKTeX\tex/latex/koma-script\scrlfile-hook.sty
Package: scrlfile-hook 2025/09/09 v3.48 KOMA-Script package (using LaTeX hooks)
 (C:\Users\carlo\AppData\Local\Programs\MiKTeX\tex/latex/koma-script\scrlogo.sty
Package: scrlogo 2025/09/09 v3.48 KOMA-Script package (logo)
)))
Applying: [2021/05/01] Usage of raw or classic option list on input line 254.
Already applied: [0000/00/00] Usage of raw or classic option list on input line 370.
) (C:\Users\carlo\AppData\Local\Programs\MiKTeX\tex/generic/pdftexcmds\pdftexcmds.sty
Package: pdftexcmds 2020-06-27 v0.33 Utility functions of pdfTeX for LuaTeX (HO)
 (C:\Users\carlo\AppData\Local\Programs\MiKTeX\tex/generic/infwarerr\infwarerr.sty
Package: infwarerr 2019/12/03 v1.5 Providing info/warning/error messages (HO)
) (C:\Users\carlo\AppData\Local\Programs\MiKTeX\tex/generic/ltxcmds\ltxcmds.sty
Package: ltxcmds 2023-12-04 v1.26 LaTeX kernel commands for general use (HO)
)
Package pdftexcmds Info: \pdf@primitive is available.
Package pdftexcmds Info: \pdf@ifprimitive is available.
Package pdftexcmds Info: \pdfdraftmode found.
) (C:\Users\carlo\AppData\Local\Programs\MiKTeX\tex/latex/trimspaces\trimspaces.sty
Package: trimspaces 2009/09/17 v1.1 Trim spaces around a token list
) (C:\Users\carlo\AppData\Local\Programs\MiKTeX\tex/latex/tools\shellesc.sty
Package: shellesc 2023/07/08 v1.0d unified shell escape interface for LaTeX
Package shellesc Info: Unrestricted shell escape enabled on input line 75.
) (C:\Users\carlo\AppData\Local\Programs\MiKTeX\tex/latex/ifplatform\ifplatform.sty
Package: ifplatform 2017/10/13 v0.4a Testing for the operating system
 (C:\Users\carlo\AppData\Local\Programs\MiKTeX\tex/generic/catchfile\catchfile.sty
Package: catchfile 2019/12/09 v1.8 Catch the contents of a file (HO)
 (C:\Users\carlo\AppData\Local\Programs\MiKTeX\tex/generic/etexcmds\etexcmds.sty
Package: etexcmds 2019/12/15 v1.7 Avoid name clashes with e-TeX commands (HO)
)) (C:\Users\carlo\AppData\Local\Programs\MiKTeX\tex/generic/iftex\ifluatex.sty
Package: ifluatex 2019/10/25 v1.5 ifluatex legacy package. Use iftex instead.
))
\c@svg@param@lastpage=\count291
\svg@box=\box53
\c@svg@param@currpage=\count292
) (C:\Users\carlo\AppData\Local\Programs\MiKTeX\tex/latex/xcolor\xcolor.sty
Package: xcolor 2024/09/29 v3.02 LaTeX color extensions (UK)
 (C:\Users\carlo\AppData\Local\Programs\MiKTeX\tex/latex/graphics-cfg\color.cfg
File: color.cfg 2016/01/02 v1.6 sample color configuration
)
Package xcolor Info: Driver file: pdftex.def on input line 274.
 (C:\Users\carlo\AppData\Local\Programs\MiKTeX\tex/latex/graphics\mathcolor.ltx)
Package xcolor Info: Model `cmy' substituted by `cmy0' on input line 1349.
Package xcolor Info: Model `hsb' substituted by `rgb' on input line 1353.
Package xcolor Info: Model `RGB' extended on input line 1365.
Package xcolor Info: Model `HTML' substituted by `rgb' on input line 1367.
Package xcolor Info: Model `Hsb' substituted by `hsb' on input line 1368.
Package xcolor Info: Model `tHsb' substituted by `hsb' on input line 1369.
Package xcolor Info: Model `HSB' substituted by `hsb' on input line 1370.
Package xcolor Info: Model `Gray' substituted by `gray' on input line 1371.
Package xcolor Info: Model `wave' substituted by `hsb' on input line 1372.
) (C:\Users\carlo\AppData\Local\Programs\MiKTeX\tex/latex/transparent\transparent.sty
Package: transparent 2025-06-23 v1.6 Transparency with color stacks
 (C:\Users\carlo\AppData\Local\Programs\MiKTeX\tex/latex/transparent\transparent-nometadata.sty
Package: transparent-nometadata 2025-06-23 v1.6 Transparency via pdfTeX's color stack (HO)
 (C:\Users\carlo\AppData\Local\Programs\MiKTeX\tex/latex/auxhook\auxhook.sty
Package: auxhook 2019-12-17 v1.6 Hooks for auxiliary files (HO)
))) (C:\Users\carlo\AppData\Local\Programs\MiKTeX\tex/latex/pgf/systemlayer\pgfsys.sty (C:\Users\carlo\AppData\Local\Programs\MiKTeX\tex/latex/pgf/utilities\pgfrcs.sty (C:\Users\carlo\AppData\Local\Programs\MiKTeX\tex/generic/pgf/utilities\pgfutil-common.tex
\pgfutil@everybye=\toks22
\pgfutil@tempdima=\dimen160
\pgfutil@tempdimb=\dimen161
) (C:\Users\carlo\AppData\Local\Programs\MiKTeX\tex/generic/pgf/utilities\pgfutil-latex.def
\pgfutil@abb=\box54
) (C:\Users\carlo\AppData\Local\Programs\MiKTeX\tex/generic/pgf/utilities\pgfrcs.code.tex (C:\Users\carlo\AppData\Local\Programs\MiKTeX\tex/generic/pgf\pgf.revision.tex)
Package: pgfrcs 2025-08-29 v3.1.11a (3.1.11a)
)) (C:\Users\carlo\AppData\Local\Programs\MiKTeX\tex/generic/pgf/systemlayer\pgfsys.code.tex
Package: pgfsys 2025-08-29 v3.1.11a (3.1.11a)
 (C:\Users\carlo\AppData\Local\Programs\MiKTeX\tex/generic/pgf/utilities\pgfkeys.code.tex
\pgfkeys@pathtoks=\toks23
\pgfkeys@temptoks=\toks24
 (C:\Users\carlo\AppData\Local\Programs\MiKTeX\tex/generic/pgf/utilities\pgfkeyslibraryfiltered.code.tex
\pgfkeys@tmptoks=\toks25
))
\pgf@x=\dimen162
\pgf@y=\dimen163
\pgf@xa=\dimen164
\pgf@ya=\dimen165
\pgf@xb=\dimen166
\pgf@yb=\dimen167
\pgf@xc=\dimen168
\pgf@yc=\dimen169
\pgf@xd=\dimen170
\pgf@yd=\dimen171
\w@pgf@writea=\write3
\r@pgf@reada=\read3
\c@pgf@counta=\count293
\c@pgf@countb=\count294
\c@pgf@countc=\count295
\c@pgf@countd=\count296
\t@pgf@toka=\toks26
\t@pgf@tokb=\toks27
\t@pgf@tokc=\toks28
\pgf@sys@id@count=\count297
 (C:\Users\carlo\AppData\Local\Programs\MiKTeX\tex/generic/pgf/systemlayer\pgf.cfg
File: pgf.cfg 2025-08-29 v3.1.11a (3.1.11a)
)
Driver file for pgf: pgfsys-pdftex.def
 (C:\Users\carlo\AppData\Local\Programs\MiKTeX\tex/generic/pgf/systemlayer\pgfsys-pdftex.def
File: pgfsys-pdftex.def 2025-08-29 v3.1.11a (3.1.11a)
 (C:\Users\carlo\AppData\Local\Programs\MiKTeX\tex/generic/pgf/systemlayer\pgfsys-common-pdf.def
File: pgfsys-common-pdf.def 2025-08-29 v3.1.11a (3.1.11a)
))) (C:\Users\carlo\AppData\Local\Programs\MiKTeX\tex/generic/pgf/systemlayer\pgfsyssoftpath.code.tex
File: pgfsyssoftpath.code.tex 2025-08-29 v3.1.11a (3.1.11a)
\pgfsyssoftpath@smallbuffer@items=\count298
\pgfsyssoftpath@bigbuffer@items=\count299
) (C:\Users\carlo\AppData\Local\Programs\MiKTeX\tex/generic/pgf/systemlayer\pgfsysprotocol.code.tex
File: pgfsysprotocol.code.tex 2025-08-29 v3.1.11a (3.1.11a)
)) (C:\Users\carlo\AppData\Local\Programs\MiKTeX\tex/latex/caption\subcaption.sty
Package: subcaption 2023/07/28 v1.6b Sub-captions (AR)
 (C:\Users\carlo\AppData\Local\Programs\MiKTeX\tex/latex/caption\caption.sty
Package: caption 2023/08/05 v3.6o Customizing captions (AR)
 (C:\Users\carlo\AppData\Local\Programs\MiKTeX\tex/latex/caption\caption3.sty
Package: caption3 2023/07/31 v2.4d caption3 kernel (AR)
\caption@tempdima=\dimen172
\captionmargin=\dimen173
\caption@leftmargin=\dimen174
\caption@rightmargin=\dimen175
\caption@width=\dimen176
\caption@indent=\dimen177
\caption@parindent=\dimen178
\caption@hangindent=\dimen179
Package caption Info: Standard document class detected.
)
\c@caption@flags=\count300
\c@continuedfloat=\count301
)
Package caption Info: New subtype `subfigure' on input line 238.
\c@subfigure=\count302
Package caption Info: New subtype `subtable' on input line 238.
\c@subtable=\count303
) (C:\Users\carlo\AppData\Local\Programs\MiKTeX\tex/latex/float\float.sty
Package: float 2001/11/08 v1.3d Float enhancements (AL)
\c@float@type=\count304
\float@exts=\toks29
\float@box=\box55
\@float@everytoks=\toks30
\@floatcapt=\box56
) (C:\Users\carlo\AppData\Local\Programs\MiKTeX\tex/latex/listings\listings.sty
\lst@mode=\count305
\lst@gtempboxa=\box57
\lst@token=\toks31
\lst@length=\count306
\lst@currlwidth=\dimen180
\lst@column=\count307
\lst@pos=\count308
\lst@lostspace=\dimen181
\lst@width=\dimen182
\lst@newlines=\count309
\lst@lineno=\count310
\lst@maxwidth=\dimen183
 (C:\Users\carlo\AppData\Local\Programs\MiKTeX\tex/latex/listings\lstpatch.sty
File: lstpatch.sty 2025/11/14 1.11b (Carsten Heinz)
) (C:\Users\carlo\AppData\Local\Programs\MiKTeX\tex/latex/listings\lstmisc.sty
File: lstmisc.sty 2025/11/14 1.11b (Carsten Heinz)
\c@lstnumber=\count311
\lst@skipnumbers=\count312
\lst@framebox=\box58
) (C:\Users\carlo\AppData\Local\Programs\MiKTeX\tex/latex/listings\listings.cfg
File: listings.cfg 2025/11/14 1.11b listings configuration
))
Package: listings 2025/11/14 1.11b (Carsten Heinz)

==> First Aid for listings.sty no longer applied!
    Expected:
        2024/09/23 1.10c (Carsten Heinz)
    but found:
        2025/11/14 1.11b (Carsten Heinz)
    so I'm assuming it got fixed.
(C:\Users\carlo\AppData\Local\Programs\MiKTeX\tex/latex/listingsutf8\listingsutf8.sty
Package: listingsutf8 2019-12-10 v1.5 Allow UTF-8 in listings input (HO)
 (C:\Users\carlo\AppData\Local\Programs\MiKTeX\tex/generic/stringenc\stringenc.sty
Package: stringenc 2019/11/29 v1.12 Convert strings between diff. encodings (HO)
 (C:\Users\carlo\AppData\Local\Programs\MiKTeX\tex/generic/pdfescape\pdfescape.sty
Package: pdfescape 2019/12/09 v1.15 Implements pdfTeX's escape features (HO)
))) (C:\Users\carlo\AppData\Local\Programs\MiKTeX\tex/latex/base\fontenc.sty
Package: fontenc 2025/07/18 v2.1d Standard LaTeX package
) (C:\Users\carlo\AppData\Local\Programs\MiKTeX\tex/latex/minted\minted.sty
Package: minted 2025/05/14 v3.7.0 Yet another Pygments shim for LaTeX
 (C:\Users\carlo\AppData\Local\Programs\MiKTeX\tex/latex/etoolbox\etoolbox.sty
Package: etoolbox 2025/10/02 v2.5m e-TeX tools for LaTeX (JAW)
\etb@tempcnta=\count313
) (C:\Users\carlo\AppData\Local\Programs\MiKTeX\tex/latex/fvextra\fvextra.sty
Package: fvextra 2025/05/29 v1.13.2 fvextra - extensions and patches for fancyvrb
 (C:\Users\carlo\AppData\Local\Programs\MiKTeX\tex/latex/fancyvrb\fancyvrb.sty
Package: fancyvrb 2025/07/28 4.6 verbatim text (tvz,hv)
\FV@CodeLineNo=\count314
\FV@InFile=\read4
\FV@TabBox=\box59
\c@FancyVerbLine=\count315
\FV@StepNumber=\count316
\FV@OutFile=\write4
) (C:\Users\carlo\AppData\Local\Programs\MiKTeX\tex/latex/upquote\upquote.sty
Package: upquote 2012/04/19 v1.3 upright-quote and grave-accent glyphs in verbatim
 (C:\Users\carlo\AppData\Local\Programs\MiKTeX\tex/latex/base\textcomp.sty
Package: textcomp 2024/04/24 v2.1b Standard LaTeX package
)) (C:\Users\carlo\AppData\Local\Programs\MiKTeX\tex/latex/lineno\lineno.sty
Package: lineno 2025/05/13 line numbers on paragraphs v5.5
 (C:\Users\carlo\AppData\Local\Programs\MiKTeX\tex/latex/kvoptions\kvoptions.sty
Package: kvoptions 2022-06-15 v3.15 Key value format for package options (HO)
 (C:\Users\carlo\AppData\Local\Programs\MiKTeX\tex/latex/kvsetkeys\kvsetkeys.sty
Package: kvsetkeys 2022-10-05 v1.19 Key value parser (HO)
))
\linenopenalty=\count317
\output=\toks32
\linenoprevgraf=\count318
\linenumbersep=\dimen184
\linenumberwidth=\dimen185
\c@linenumber=\count319
\c@pagewiselinenumber=\count320
\c@LN@truepage=\count321
\c@internallinenumber=\count322
\c@internallinenumbers=\count323
\quotelinenumbersep=\dimen186
\bframerule=\dimen187
\bframesep=\dimen188
\bframebox=\box60
)
\c@FancyVerbWriteLine=\count324
\c@FancyVerbBufferLine=\count325
\c@FV@TrueTabGroupLevel=\count326
\c@FV@TrueTabCounter=\count327
\FV@TabBox@Group=\box61
\FV@bgcolorstructbox=\box62
\FV@TmpLength=\skip53
\c@FV@HighlightLinesStart=\count328
\c@FV@HighlightLinesStop=\count329
\FV@LoopCount=\count330
\FV@NCharsBox=\box63
\FV@BreakIndent=\dimen189
\FV@BreakIndentNChars=\count331
\FV@BreakSymbolSepLeft=\dimen190
\FV@BreakSymbolSepLeftNChars=\count332
\FV@BreakSymbolSepRight=\dimen191
\FV@BreakSymbolSepRightNChars=\count333
\FV@BreakSymbolIndentLeft=\dimen192
\FV@BreakSymbolIndentLeftNChars=\count334
\FV@BreakSymbolIndentRight=\dimen193
\FV@BreakSymbolIndentRightNChars=\count335
\c@FancyVerbLineBreakLast=\count336
\FV@LineBox=\box64
\FV@LineIndentBox=\box65
\c@FV@BreakBufferDepth=\count337
\FV@LineWidth=\dimen194
) (C:\Users\carlo\AppData\Local\Programs\MiKTeX\tex/latex/latex2pydata\latex2pydata.sty
Package: latex2pydata 2025/03/26 v0.6.0 latex2pydata - write data to file in Python literal format
) (C:\Users\carlo\AppData\Local\Programs\MiKTeX\tex/latex/pgf/utilities\pgfkeys.sty (C:\Users\carlo\AppData\Local\Programs\MiKTeX\tex/generic/pgf/utilities\pgfkeys.code.tex)) (C:\Users\carlo\AppData\Local\Programs\MiKTeX\tex/latex/pgfopts\pgfopts.sty
Package: pgfopts 2014/07/10 v2.1a LaTeX package options with pgfkeys
\pgfopts@list@add@a@toks=\toks33
\pgfopts@list@add@b@toks=\toks34
)
\c@minted@FancyVerbLineTemp=\count338
\@float@every@listing=\toks35
\c@listing=\count339
) (C:\Users\carlo\AppData\Local\Programs\MiKTeX\tex/latex/amsfonts\amssymb.sty
Package: amssymb 2013/01/14 v3.01 AMS font symbols
 (C:\Users\carlo\AppData\Local\Programs\MiKTeX\tex/latex/amsfonts\amsfonts.sty
Package: amsfonts 2013/01/14 v3.01 Basic AMSFonts support
\@emptytoks=\toks36
\symAMSa=\mathgroup4
\symAMSb=\mathgroup5
LaTeX Font Info:    Redeclaring math symbol \hbar on input line 98.
LaTeX Font Info:    Overwriting math alphabet `\mathfrak' in version `bold'
(Font)                  U/euf/m/n --> U/euf/b/n on input line 106.
)) (C:\Users\carlo\AppData\Local\Programs\MiKTeX\tex/latex/amsmath\amsmath.sty
Package: amsmath 2025/07/09 v2.17z AMS math features
\@mathmargin=\skip54

For additional information on amsmath, use the `?' option.
(C:\Users\carlo\AppData\Local\Programs\MiKTeX\tex/latex/amsmath\amstext.sty
Package: amstext 2024/11/17 v2.01 AMS text
 (C:\Users\carlo\AppData\Local\Programs\MiKTeX\tex/latex/amsmath\amsgen.sty
File: amsgen.sty 1999/11/30 v2.0 generic functions
\@emptytoks=\toks37
\ex@=\dimen195
)) (C:\Users\carlo\AppData\Local\Programs\MiKTeX\tex/latex/amsmath\amsbsy.sty
Package: amsbsy 1999/11/29 v1.2d Bold Symbols
\pmbraise@=\dimen196
) (C:\Users\carlo\AppData\Local\Programs\MiKTeX\tex/latex/amsmath\amsopn.sty
Package: amsopn 2022/04/08 v2.04 operator names
)
\inf@bad=\count340
LaTeX Info: Redefining \frac on input line 233.
\uproot@=\count341
\leftroot@=\count342
LaTeX Info: Redefining \overline on input line 398.
LaTeX Info: Redefining \colon on input line 409.
\classnum@=\count343
\DOTSCASE@=\count344
LaTeX Info: Redefining \ldots on input line 495.
LaTeX Info: Redefining \dots on input line 498.
LaTeX Info: Redefining \cdots on input line 619.
\Mathstrutbox@=\box66
\strutbox@=\box67
LaTeX Info: Redefining \big on input line 721.
LaTeX Info: Redefining \Big on input line 722.
LaTeX Info: Redefining \bigg on input line 723.
LaTeX Info: Redefining \Bigg on input line 724.
\big@size=\dimen197
LaTeX Font Info:    Redeclaring font encoding OML on input line 742.
LaTeX Font Info:    Redeclaring font encoding OMS on input line 743.
\macc@depth=\count345
LaTeX Info: Redefining \bmod on input line 904.
LaTeX Info: Redefining \pmod on input line 909.
LaTeX Info: Redefining \smash on input line 939.
LaTeX Info: Redefining \relbar on input line 969.
LaTeX Info: Redefining \Relbar on input line 970.
\c@MaxMatrixCols=\count346
\dotsspace@=\muskip17
\c@parentequation=\count347
\dspbrk@lvl=\count348
\tag@help=\toks38
\row@=\count349
\column@=\count350
\maxfields@=\count351
\andhelp@=\toks39
\eqnshift@=\dimen198
\alignsep@=\dimen199
\tagshift@=\dimen256
\tagwidth@=\dimen257
\totwidth@=\dimen258
\lineht@=\dimen259
\@envbody=\toks40
\multlinegap=\skip55
\multlinetaggap=\skip56
\mathdisplay@stack=\toks41
LaTeX Info: Redefining \[ on input line 2950.
LaTeX Info: Redefining \] on input line 2951.
)
\@LN@amsmath@ams@eqpen=\count352
 (C:\Users\carlo\AppData\Local\Programs\MiKTeX\tex/latex/amscls\amsthm.sty
Package: amsthm 2020/05/29 v2.20.6
\thm@style=\toks42
\thm@bodyfont=\toks43
\thm@headfont=\toks44
\thm@notefont=\toks45
\thm@headpunct=\toks46
\thm@preskip=\skip57
\thm@postskip=\skip58
\thm@headsep=\skip59
\dth@everypar=\toks47
) (C:\Users\carlo\AppData\Local\Programs\MiKTeX\tex/latex/psnfss\mathptmx.sty
Package: mathptmx 2020/03/25 PSNFSS-v9.3 Times w/ Math, improved (SPQR, WaS) 
LaTeX Font Info:    Redeclaring symbol font `operators' on input line 28.
LaTeX Font Info:    Overwriting symbol font `operators' in version `normal'
(Font)                  OT1/cmr/m/n --> OT1/ztmcm/m/n on input line 28.
LaTeX Font Info:    Overwriting symbol font `operators' in version `bold'
(Font)                  OT1/cmr/bx/n --> OT1/ztmcm/m/n on input line 28.
LaTeX Font Info:    Redeclaring symbol font `letters' on input line 29.
LaTeX Font Info:    Overwriting symbol font `letters' in version `normal'
(Font)                  OML/cmm/m/it --> OML/ztmcm/m/it on input line 29.
LaTeX Font Info:    Overwriting symbol font `letters' in version `bold'
(Font)                  OML/cmm/b/it --> OML/ztmcm/m/it on input line 29.
LaTeX Font Info:    Redeclaring symbol font `symbols' on input line 30.
LaTeX Font Info:    Overwriting symbol font `symbols' in version `normal'
(Font)                  OMS/cmsy/m/n --> OMS/ztmcm/m/n on input line 30.
LaTeX Font Info:    Overwriting symbol font `symbols' in version `bold'
(Font)                  OMS/cmsy/b/n --> OMS/ztmcm/m/n on input line 30.
LaTeX Font Info:    Redeclaring symbol font `largesymbols' on input line 31.
LaTeX Font Info:    Overwriting symbol font `largesymbols' in version `normal'
(Font)                  OMX/cmex/m/n --> OMX/ztmcm/m/n on input line 31.
LaTeX Font Info:    Overwriting symbol font `largesymbols' in version `bold'
(Font)                  OMX/cmex/m/n --> OMX/ztmcm/m/n on input line 31.
\symbold=\mathgroup6
\symitalic=\mathgroup7
LaTeX Font Info:    Redeclaring math alphabet \mathbf on input line 34.
LaTeX Font Info:    Overwriting math alphabet `\mathbf' in version `normal'
(Font)                  OT1/cmr/bx/n --> OT1/ptm/bx/n on input line 34.
LaTeX Font Info:    Overwriting math alphabet `\mathbf' in version `bold'
(Font)                  OT1/cmr/bx/n --> OT1/ptm/bx/n on input line 34.
LaTeX Font Info:    Redeclaring math alphabet \mathit on input line 35.
LaTeX Font Info:    Overwriting math alphabet `\mathit' in version `normal'
(Font)                  OT1/cmr/m/it --> OT1/ptm/m/it on input line 35.
LaTeX Font Info:    Overwriting math alphabet `\mathit' in version `bold'
(Font)                  OT1/cmr/bx/it --> OT1/ptm/m/it on input line 35.
LaTeX Info: Redefining \hbar on input line 50.
) (C:\Users\carlo\AppData\Local\Programs\MiKTeX\tex/latex/pgf/frontendlayer\tikz.sty (C:\Users\carlo\AppData\Local\Programs\MiKTeX\tex/latex/pgf/basiclayer\pgf.sty
Package: pgf 2025-08-29 v3.1.11a (3.1.11a)
 (C:\Users\carlo\AppData\Local\Programs\MiKTeX\tex/latex/pgf/basiclayer\pgfcore.sty (C:\Users\carlo\AppData\Local\Programs\MiKTeX\tex/generic/pgf/basiclayer\pgfcore.code.tex
Package: pgfcore 2025-08-29 v3.1.11a (3.1.11a)
 (C:\Users\carlo\AppData\Local\Programs\MiKTeX\tex/generic/pgf/math\pgfmath.code.tex (C:\Users\carlo\AppData\Local\Programs\MiKTeX\tex/generic/pgf/math\pgfmathutil.code.tex) (C:\Users\carlo\AppData\Local\Programs\MiKTeX\tex/generic/pgf/math\pgfmathparser.code.tex
\pgfmath@dimen=\dimen260
\pgfmath@count=\count353
\pgfmath@box=\box68
\pgfmath@toks=\toks48
\pgfmath@stack@operand=\toks49
\pgfmath@stack@operation=\toks50
) (C:\Users\carlo\AppData\Local\Programs\MiKTeX\tex/generic/pgf/math\pgfmathfunctions.code.tex) (C:\Users\carlo\AppData\Local\Programs\MiKTeX\tex/generic/pgf/math\pgfmathfunctions.basic.code.tex) (C:\Users\carlo\AppData\Local\Programs\MiKTeX\tex/generic/pgf/math\pgfmathfunctions.trigonometric.code.tex) (C:\Users\carlo\AppData\Local\Programs\MiKTeX\tex/generic/pgf/math\pgfmathfunctions.random.code.tex) (C:\Users\carlo\AppData\Local\Programs\MiKTeX\tex/generic/pgf/math\pgfmathfunctions.comparison.code.tex) (C:\Users\carlo\AppData\Local\Programs\MiKTeX\tex/generic/pgf/math\pgfmathfunctions.base.code.tex) (C:\Users\carlo\AppData\Local\Programs\MiKTeX\tex/generic/pgf/math\pgfmathfunctions.round.code.tex) (C:\Users\carlo\AppData\Local\Programs\MiKTeX\tex/generic/pgf/math\pgfmathfunctions.misc.code.tex) (C:\Users\carlo\AppData\Local\Programs\MiKTeX\tex/generic/pgf/math\pgfmathfunctions.integerarithmetics.code.tex) (C:\Users\carlo\AppData\Local\Programs\MiKTeX\tex/generic/pgf/math\pgfmathcalc.code.tex) (C:\Users\carlo\AppData\Local\Programs\MiKTeX\tex/generic/pgf/math\pgfmathfloat.code.tex
\c@pgfmathroundto@lastzeros=\count354
)) (C:\Users\carlo\AppData\Local\Programs\MiKTeX\tex/generic/pgf/math\pgfint.code.tex) (C:\Users\carlo\AppData\Local\Programs\MiKTeX\tex/generic/pgf/basiclayer\pgfcorepoints.code.tex
File: pgfcorepoints.code.tex 2025-08-29 v3.1.11a (3.1.11a)
\pgf@picminx=\dimen261
\pgf@picmaxx=\dimen262
\pgf@picminy=\dimen263
\pgf@picmaxy=\dimen264
\pgf@pathminx=\dimen265
\pgf@pathmaxx=\dimen266
\pgf@pathminy=\dimen267
\pgf@pathmaxy=\dimen268
\pgf@xx=\dimen269
\pgf@xy=\dimen270
\pgf@yx=\dimen271
\pgf@yy=\dimen272
\pgf@zx=\dimen273
\pgf@zy=\dimen274
) (C:\Users\carlo\AppData\Local\Programs\MiKTeX\tex/generic/pgf/basiclayer\pgfcorepathconstruct.code.tex
File: pgfcorepathconstruct.code.tex 2025-08-29 v3.1.11a (3.1.11a)
\pgf@path@lastx=\dimen275
\pgf@path@lasty=\dimen276
) (C:\Users\carlo\AppData\Local\Programs\MiKTeX\tex/generic/pgf/basiclayer\pgfcorepathusage.code.tex
File: pgfcorepathusage.code.tex 2025-08-29 v3.1.11a (3.1.11a)
\pgf@shorten@end@additional=\dimen277
\pgf@shorten@start@additional=\dimen278
) (C:\Users\carlo\AppData\Local\Programs\MiKTeX\tex/generic/pgf/basiclayer\pgfcorescopes.code.tex
File: pgfcorescopes.code.tex 2025-08-29 v3.1.11a (3.1.11a)
\pgfpic=\box69
\pgf@hbox=\box70
\pgf@layerbox@main=\box71
\pgf@picture@serial@count=\count355
) (C:\Users\carlo\AppData\Local\Programs\MiKTeX\tex/generic/pgf/basiclayer\pgfcoregraphicstate.code.tex
File: pgfcoregraphicstate.code.tex 2025-08-29 v3.1.11a (3.1.11a)
\pgflinewidth=\dimen279
) (C:\Users\carlo\AppData\Local\Programs\MiKTeX\tex/generic/pgf/basiclayer\pgfcoretransformations.code.tex
File: pgfcoretransformations.code.tex 2025-08-29 v3.1.11a (3.1.11a)
\pgf@pt@x=\dimen280
\pgf@pt@y=\dimen281
\pgf@pt@temp=\dimen282
) (C:\Users\carlo\AppData\Local\Programs\MiKTeX\tex/generic/pgf/basiclayer\pgfcorequick.code.tex
File: pgfcorequick.code.tex 2025-08-29 v3.1.11a (3.1.11a)
) (C:\Users\carlo\AppData\Local\Programs\MiKTeX\tex/generic/pgf/basiclayer\pgfcoreobjects.code.tex
File: pgfcoreobjects.code.tex 2025-08-29 v3.1.11a (3.1.11a)
) (C:\Users\carlo\AppData\Local\Programs\MiKTeX\tex/generic/pgf/basiclayer\pgfcorepathprocessing.code.tex
File: pgfcorepathprocessing.code.tex 2025-08-29 v3.1.11a (3.1.11a)
) (C:\Users\carlo\AppData\Local\Programs\MiKTeX\tex/generic/pgf/basiclayer\pgfcorearrows.code.tex
File: pgfcorearrows.code.tex 2025-08-29 v3.1.11a (3.1.11a)
\pgfarrowsep=\dimen283
) (C:\Users\carlo\AppData\Local\Programs\MiKTeX\tex/generic/pgf/basiclayer\pgfcoreshade.code.tex
File: pgfcoreshade.code.tex 2025-08-29 v3.1.11a (3.1.11a)
\pgf@max=\dimen284
\pgf@sys@shading@range@num=\count356
\pgf@shadingcount=\count357
) (C:\Users\carlo\AppData\Local\Programs\MiKTeX\tex/generic/pgf/basiclayer\pgfcoreimage.code.tex
File: pgfcoreimage.code.tex 2025-08-29 v3.1.11a (3.1.11a)
) (C:\Users\carlo\AppData\Local\Programs\MiKTeX\tex/generic/pgf/basiclayer\pgfcoreexternal.code.tex
File: pgfcoreexternal.code.tex 2025-08-29 v3.1.11a (3.1.11a)
\pgfexternal@startupbox=\box72
) (C:\Users\carlo\AppData\Local\Programs\MiKTeX\tex/generic/pgf/basiclayer\pgfcorelayers.code.tex
File: pgfcorelayers.code.tex 2025-08-29 v3.1.11a (3.1.11a)
) (C:\Users\carlo\AppData\Local\Programs\MiKTeX\tex/generic/pgf/basiclayer\pgfcoretransparency.code.tex
File: pgfcoretransparency.code.tex 2025-08-29 v3.1.11a (3.1.11a)
) (C:\Users\carlo\AppData\Local\Programs\MiKTeX\tex/generic/pgf/basiclayer\pgfcorepatterns.code.tex
File: pgfcorepatterns.code.tex 2025-08-29 v3.1.11a (3.1.11a)
) (C:\Users\carlo\AppData\Local\Programs\MiKTeX\tex/generic/pgf/basiclayer\pgfcorerdf.code.tex
File: pgfcorerdf.code.tex 2025-08-29 v3.1.11a (3.1.11a)
))) (C:\Users\carlo\AppData\Local\Programs\MiKTeX\tex/generic/pgf/modules\pgfmoduleshapes.code.tex
File: pgfmoduleshapes.code.tex 2025-08-29 v3.1.11a (3.1.11a)
\pgfnodeparttextbox=\box73
) (C:\Users\carlo\AppData\Local\Programs\MiKTeX\tex/generic/pgf/modules\pgfmoduleplot.code.tex
File: pgfmoduleplot.code.tex 2025-08-29 v3.1.11a (3.1.11a)
) (C:\Users\carlo\AppData\Local\Programs\MiKTeX\tex/latex/pgf/compatibility\pgfcomp-version-0-65.sty
Package: pgfcomp-version-0-65 2025-08-29 v3.1.11a (3.1.11a)
\pgf@nodesepstart=\dimen285
\pgf@nodesepend=\dimen286
) (C:\Users\carlo\AppData\Local\Programs\MiKTeX\tex/latex/pgf/compatibility\pgfcomp-version-1-18.sty
Package: pgfcomp-version-1-18 2025-08-29 v3.1.11a (3.1.11a)
)) (C:\Users\carlo\AppData\Local\Programs\MiKTeX\tex/latex/pgf/utilities\pgffor.sty (C:\Users\carlo\AppData\Local\Programs\MiKTeX\tex/latex/pgf/math\pgfmath.sty (C:\Users\carlo\AppData\Local\Programs\MiKTeX\tex/generic/pgf/math\pgfmath.code.tex)) (C:\Users\carlo\AppData\Local\Programs\MiKTeX\tex/generic/pgf/utilities\pgffor.code.tex
Package: pgffor 2025-08-29 v3.1.11a (3.1.11a)
\pgffor@iter=\dimen287
\pgffor@skip=\dimen288
\pgffor@stack=\toks51
\pgffor@toks=\toks52
)) (C:\Users\carlo\AppData\Local\Programs\MiKTeX\tex/generic/pgf/frontendlayer/tikz\tikz.code.tex
Package: tikz 2025-08-29 v3.1.11a (3.1.11a)
 (C:\Users\carlo\AppData\Local\Programs\MiKTeX\tex/generic/pgf/libraries\pgflibraryplothandlers.code.tex
File: pgflibraryplothandlers.code.tex 2025-08-29 v3.1.11a (3.1.11a)
\pgf@plot@mark@count=\count358
\pgfplotmarksize=\dimen289
)
\tikz@lastx=\dimen290
\tikz@lasty=\dimen291
\tikz@lastxsaved=\dimen292
\tikz@lastysaved=\dimen293
\tikz@lastmovetox=\dimen294
\tikz@lastmovetoy=\dimen295
\tikzleveldistance=\dimen296
\tikzsiblingdistance=\dimen297
\tikz@figbox=\box74
\tikz@figbox@bg=\box75
\tikz@tempbox=\box76
\tikz@tempbox@bg=\box77
\tikztreelevel=\count359
\tikznumberofchildren=\count360
\tikznumberofcurrentchild=\count361
\tikz@fig@count=\count362
 (C:\Users\carlo\AppData\Local\Programs\MiKTeX\tex/generic/pgf/modules\pgfmodulematrix.code.tex
File: pgfmodulematrix.code.tex 2025-08-29 v3.1.11a (3.1.11a)
\pgfmatrixcurrentrow=\count363
\pgfmatrixcurrentcolumn=\count364
\pgf@matrix@numberofcolumns=\count365
)
\tikz@expandcount=\count366
 (C:\Users\carlo\AppData\Local\Programs\MiKTeX\tex/generic/pgf/frontendlayer/tikz/libraries\tikzlibrarytopaths.code.tex
File: tikzlibrarytopaths.code.tex 2025-08-29 v3.1.11a (3.1.11a)
))) (C:\Users\carlo\AppData\Local\Programs\MiKTeX\tex/generic/pgf/frontendlayer/tikz/libraries\tikzlibrarybabel.code.tex
File: tikzlibrarybabel.code.tex 2025-08-29 v3.1.11a (3.1.11a)
) (C:\Users\carlo\AppData\Local\Programs\MiKTeX\tex/latex/url\url.sty
\Urlmuskip=\muskip18
Package: url 2013/09/16  ver 3.4  Verb mode for urls, etc.
) (C:\Users\carlo\AppData\Local\Programs\MiKTeX\tex/latex/hyperref\hyperref.sty
Package: hyperref 2025-07-12 v7.01o Hypertext links for LaTeX
 (C:\Users\carlo\AppData\Local\Programs\MiKTeX\tex/generic/kvdefinekeys\kvdefinekeys.sty
Package: kvdefinekeys 2019-12-19 v1.6 Define keys (HO)
) (C:\Users\carlo\AppData\Local\Programs\MiKTeX\tex/latex/hycolor\hycolor.sty
Package: hycolor 2020-01-27 v1.10 Color options for hyperref/bookmark (HO)
) (C:\Users\carlo\AppData\Local\Programs\MiKTeX\tex/latex/hyperref\nameref.sty
Package: nameref 2025-06-21 v2.57 Cross-referencing by name of section
 (C:\Users\carlo\AppData\Local\Programs\MiKTeX\tex/latex/refcount\refcount.sty
Package: refcount 2019/12/15 v3.6 Data extraction from label references (HO)
) (C:\Users\carlo\AppData\Local\Programs\MiKTeX\tex/generic/gettitlestring\gettitlestring.sty
Package: gettitlestring 2019/12/15 v1.6 Cleanup title references (HO)
)
\c@section@level=\count367
)
\@linkdim=\dimen298
\Hy@linkcounter=\count368
\Hy@pagecounter=\count369
 (C:\Users\carlo\AppData\Local\Programs\MiKTeX\tex/latex/hyperref\pd1enc.def
File: pd1enc.def 2025-07-12 v7.01o Hyperref: PDFDocEncoding definition (HO)
Now handling font encoding PD1 ...
... no UTF-8 mapping file for font encoding PD1
) (C:\Users\carlo\AppData\Local\Programs\MiKTeX\tex/generic/intcalc\intcalc.sty
Package: intcalc 2019/12/15 v1.3 Expandable calculations with integers (HO)
)
\Hy@SavedSpaceFactor=\count370
 (C:\Users\carlo\AppData\Local\Programs\MiKTeX\tex/latex/hyperref\puenc.def
File: puenc.def 2025-07-12 v7.01o Hyperref: PDF Unicode definition (HO)
Now handling font encoding PU ...
... no UTF-8 mapping file for font encoding PU
)
Package hyperref Info: Option `colorlinks' set `true' on input line 4066.
Package hyperref Info: Hyper figures OFF on input line 4195.
Package hyperref Info: Link nesting OFF on input line 4200.
Package hyperref Info: Hyper index ON on input line 4203.
Package hyperref Info: Plain pages OFF on input line 4210.
Package hyperref Info: Backreferencing OFF on input line 4215.
Package hyperref Info: Implicit mode ON; LaTeX internals redefined.
Package hyperref Info: Bookmarks ON on input line 4462.
\c@Hy@tempcnt=\count371
LaTeX Info: Redefining \url on input line 4801.
\XeTeXLinkMargin=\dimen299
 (C:\Users\carlo\AppData\Local\Programs\MiKTeX\tex/generic/bitset\bitset.sty
Package: bitset 2019/12/09 v1.3 Handle bit-vector datatype (HO)
 (C:\Users\carlo\AppData\Local\Programs\MiKTeX\tex/generic/bigintcalc\bigintcalc.sty
Package: bigintcalc 2019/12/15 v1.5 Expandable calculations on big integers (HO)
))
\Fld@menulength=\count372
\Field@Width=\dimen300
\Fld@charsize=\dimen301
Package hyperref Info: Hyper figures OFF on input line 6078.
Package hyperref Info: Link nesting OFF on input line 6083.
Package hyperref Info: Hyper index ON on input line 6086.
Package hyperref Info: backreferencing OFF on input line 6093.
Package hyperref Info: Link coloring ON on input line 6096.
Package hyperref Info: Link coloring with OCG OFF on input line 6103.
Package hyperref Info: PDF/A mode OFF on input line 6108.
\Hy@abspage=\count373
\c@Item=\count374
\c@Hfootnote=\count375
)
Package hyperref Info: Driver: hpdftex.
 (C:\Users\carlo\AppData\Local\Programs\MiKTeX\tex/latex/hyperref\hpdftex.def
File: hpdftex.def 2025-07-12 v7.01o Hyperref driver for pdfTeX
\Fld@listcount=\count376
\c@bookmark@seq@number=\count377
 (C:\Users\carlo\AppData\Local\Programs\MiKTeX\tex/latex/rerunfilecheck\rerunfilecheck.sty
Package: rerunfilecheck 2025-06-21 v1.11 Rerun checks for auxiliary files (HO)
 (C:\Users\carlo\AppData\Local\Programs\MiKTeX\tex/generic/uniquecounter\uniquecounter.sty
Package: uniquecounter 2019/12/15 v1.4 Provide unlimited unique counter (HO)
)
Package uniquecounter Info: New unique counter `rerunfilecheck' on input line 284.
)
\Hy@SectionHShift=\skip60
) (C:\Users\carlo\AppData\Local\Programs\MiKTeX\tex/latex/titlesec\titleps.sty
Package: titleps 2025/01/04 v2.17 Page styles
)
\@indexfile=\write5
\openout5 = `PlantillaTFG.idx'.


Writing index file PlantillaTFG.idx
\c@teorema=\count378
\c@lemma=\count379
LaTeX Font Info:    Trying to load font information for T1+ptm on input line 115.
(C:\Users\carlo\AppData\Local\Programs\MiKTeX\tex/latex/psnfss\t1ptm.fd
File: t1ptm.fd 2001/06/04 font definitions for T1/ptm.
) (C:\Users\carlo\AppData\Local\Programs\MiKTeX\tex/latex/l3backend\l3backend-pdftex.def
File: l3backend-pdftex.def 2025-10-09 L3 backend support: PDF output (pdfTeX)
\l__color_backend_stack_int=\count380
) (PlantillaTFG.aux
LaTeX Info: Redefining \. on input line 12.
LaTeX Info: Redefining \% on input line 12.
Package babel Info: 'spanish' activates 'spanish' shorthands.
(babel)             Reported on input line 12.
)
\openout1 = `PlantillaTFG.aux'.

LaTeX Font Info:    Checking defaults for OML/cmm/m/it on input line 115.
LaTeX Font Info:    ... okay on input line 115.
LaTeX Font Info:    Checking defaults for OMS/cmsy/m/n on input line 115.
LaTeX Font Info:    ... okay on input line 115.
LaTeX Font Info:    Checking defaults for OT1/cmr/m/n on input line 115.
LaTeX Font Info:    ... okay on input line 115.
LaTeX Font Info:    Checking defaults for T1/cmr/m/n on input line 115.
LaTeX Font Info:    ... okay on input line 115.
LaTeX Font Info:    Checking defaults for TS1/cmr/m/n on input line 115.
LaTeX Font Info:    ... okay on input line 115.
LaTeX Font Info:    Checking defaults for OMX/cmex/m/n on input line 115.
LaTeX Font Info:    ... okay on input line 115.
LaTeX Font Info:    Checking defaults for U/cmr/m/n on input line 115.
LaTeX Font Info:    ... okay on input line 115.
LaTeX Font Info:    Checking defaults for PD1/pdf/m/n on input line 115.
LaTeX Font Info:    ... okay on input line 115.
LaTeX Font Info:    Checking defaults for PU/pdf/m/n on input line 115.
LaTeX Font Info:    ... okay on input line 115.

*geometry* driver: auto-detecting
*geometry* detected driver: pdftex
*geometry* verbose mode - [ preamble ] result:
* driver: pdftex
* paper: a4paper
* layout: <same size as paper>
* layoutoffset:(h,v)=(0.0pt,0.0pt)
* hratio: 1:1
* vratio: 1:1
* modes: twoside 
* h-part:(L,W,R)=(71.13188pt, 455.24411pt, 71.13188pt)
* v-part:(T,H,B)=(71.13188pt, 702.78308pt, 71.13188pt)
* \paperwidth=597.50787pt
* \paperheight=845.04684pt
* \textwidth=455.24411pt
* \textheight=702.78308pt
* \oddsidemargin=-1.1381pt
* \evensidemargin=-1.1381pt
* \topmargin=-33.0119pt
* \headheight=12.0pt
* \headsep=19.8738pt
* \topskip=11.0pt
* \footskip=27.46295pt
* \marginparwidth=116.0pt
* \marginparsep=7.0pt
* \columnsep=10.0pt
* \skip\footins=10.0pt plus 4.0pt minus 2.0pt
* \hoffset=0.0pt
* \voffset=0.0pt
* \mag=1000
* \@twocolumnfalse
* \@twosidetrue
* \@mparswitchtrue
* \@reversemarginfalse
* (1in=72.27pt=25.4mm, 1cm=28.453pt)

LaTeX Info: Redefining \. on input line 115.
LaTeX Info: Redefining \% on input line 115.
(C:\Users\carlo\AppData\Local\Programs\MiKTeX\tex/context/base/mkii\supp-pdf.mkii
[Loading MPS to PDF converter (version 2006.09.02).]
\scratchcounter=\count381
\scratchdimen=\dimen302
\scratchbox=\box78
\nofMPsegments=\count382
\nofMParguments=\count383
\everyMPshowfont=\toks53
\MPscratchCnt=\count384
\MPscratchDim=\dimen303
\MPnumerator=\count385
\makeMPintoPDFobject=\count386
\everyMPtoPDFconversion=\toks54
) (C:\Users\carlo\AppData\Local\Programs\MiKTeX\tex/latex/epstopdf-pkg\epstopdf-base.sty
Package: epstopdf-base 2020-01-24 v2.11 Base part for package epstopdf
Package epstopdf-base Info: Redefining graphics rule for `.eps' on input line 485.
 (C:\Users\carlo\AppData\Local\Programs\MiKTeX\tex/latex/00miktex\epstopdf-sys.cfg
File: epstopdf-sys.cfg 2021/03/18 v2.0 Configuration of epstopdf for MiKTeX
))
Package caption Info: Begin \AtBeginDocument code.
Package caption Info: float package is loaded.
Package caption Info: hyperref package is loaded.
Package caption Info: listings package is loaded.
Package caption Info: End \AtBeginDocument code.
\c@lstlisting=\count387
Package hyperref Info: Link coloring ON on input line 115.
 (PlantillaTFG.out) (PlantillaTFG.out)
\@outlinefile=\write6
\openout6 = `PlantillaTFG.out'.

<ciencias.png, id=174, 345.9324pt x 127.1952pt>
File: ciencias.png Graphic file (type png)
<use ciencias.png>
Package pdftex.def Info: ciencias.png  used on input line 137.
(pdftex.def)             Requested size: 284.52756pt x 104.62485pt.
<logoUZ.png, id=176, 345.9324pt x 127.1952pt>
File: logoUZ.png Graphic file (type png)
<use logoUZ.png>
Package pdftex.def Info: logoUZ.png  used on input line 138.
(pdftex.def)             Requested size: 284.52756pt x 104.62485pt.
 [1



{C:/Users/carlo/AppData/Local/MiKTeX/fonts/map/pdftex/pdftex.map}{C:/Users/carlo/AppData/Local/Programs/MiKTeX/fonts/enc/dvips/base/8r.enc} <./ciencias.png> <./logoUZ.png>] [2

] [3

] [4

] (PlantillaTFG.toc
LaTeX Info: Redefining \. on input line 1.
LaTeX Info: Redefining \% on input line 1.
LaTeX Font Info:    Trying to load font information for OT1+ztmcm on input line 4.
 (C:\Users\carlo\AppData\Local\Programs\MiKTeX\tex/latex/psnfss\ot1ztmcm.fd
File: ot1ztmcm.fd 2000/01/03 Fontinst v1.801 font definitions for OT1/ztmcm.
)
LaTeX Font Info:    Trying to load font information for OML+ztmcm on input line 4.
 (C:\Users\carlo\AppData\Local\Programs\MiKTeX\tex/latex/psnfss\omlztmcm.fd
File: omlztmcm.fd 2000/01/03 Fontinst v1.801 font definitions for OML/ztmcm.
)
LaTeX Font Info:    Trying to load font information for OMS+ztmcm on input line 4.
 (C:\Users\carlo\AppData\Local\Programs\MiKTeX\tex/latex/psnfss\omsztmcm.fd
File: omsztmcm.fd 2000/01/03 Fontinst v1.801 font definitions for OMS/ztmcm.
)
LaTeX Font Info:    Trying to load font information for OMX+ztmcm on input line 4.
 (C:\Users\carlo\AppData\Local\Programs\MiKTeX\tex/latex/psnfss\omxztmcm.fd
File: omxztmcm.fd 2000/01/03 Fontinst v1.801 font definitions for OMX/ztmcm.
)
LaTeX Font Info:    Trying to load font information for OT1+ptm on input line 4.
 (C:\Users\carlo\AppData\Local\Programs\MiKTeX\tex/latex/psnfss\ot1ptm.fd
File: ot1ptm.fd 2001/06/04 font definitions for OT1/ptm.
)
LaTeX Font Info:    Font shape `OT1/ptm/bx/n' in size <10.95> not available
(Font)              Font shape `OT1/ptm/b/n' tried instead on input line 4.
LaTeX Font Info:    Font shape `OT1/ptm/bx/n' in size <8> not available
(Font)              Font shape `OT1/ptm/b/n' tried instead on input line 4.
LaTeX Font Info:    Font shape `OT1/ptm/bx/n' in size <6> not available
(Font)              Font shape `OT1/ptm/b/n' tried instead on input line 4.
 [5

])
\tf@toc=\write7
\openout7 = `PlantillaTFG.toc'.

 [6]
Cap\'{\i }tulo 1.
[1



] [2]
Cap\'{\i }tulo 2.
[3


]
LaTeX Font Info:    Font shape `OT1/ptm/bx/n' in size <9> not available
(Font)              Font shape `OT1/ptm/b/n' tried instead on input line 306.
LaTeX Font Info:    Font shape `OT1/ptm/bx/n' in size <7> not available
(Font)              Font shape `OT1/ptm/b/n' tried instead on input line 306.
LaTeX Font Info:    Font shape `OT1/ptm/bx/n' in size <5> not available
(Font)              Font shape `OT1/ptm/b/n' tried instead on input line 306.
 [4]
LaTeX Font Info:    Trying to load font information for TS1+ptm on input line 320.
 (C:\Users\carlo\AppData\Local\Programs\MiKTeX\tex/latex/psnfss\ts1ptm.fd
File: ts1ptm.fd 2001/06/04 font definitions for TS1/ptm.
) [5] [6] [7]
Package svg Info: Last page of `./svg-inkscape/curva_bezier_svg-tex.pdf' is 16 on input line 500.
 (svg-inkscape/curva_bezier_svg-tex.pdf_tex
<./svg-inkscape/curva_bezier_svg-tex.pdf, id=334, page=1, 419.5675pt x 315.1775pt>
File: ./svg-inkscape/curva_bezier_svg-tex.pdf Graphic file (type pdf)
<use ./svg-inkscape/curva_bezier_svg-tex.pdf, page 1>
Package pdftex.def Info: ./svg-inkscape/curva_bezier_svg-tex.pdf , page1 used on input line 56.
(pdftex.def)             Requested size: 145.68144pt x 109.43369pt.
<./svg-inkscape/curva_bezier_svg-tex.pdf, id=335, page=2, 419.5675pt x 315.1775pt>
File: ./svg-inkscape/curva_bezier_svg-tex.pdf Graphic file (type pdf)
<use ./svg-inkscape/curva_bezier_svg-tex.pdf, page 2>
Package pdftex.def Info: ./svg-inkscape/curva_bezier_svg-tex.pdf , page2 used on input line 59.
(pdftex.def)             Requested size: 145.68144pt x 109.43369pt.
<./svg-inkscape/curva_bezier_svg-tex.pdf, id=336, page=3, 419.5675pt x 315.1775pt>
File: ./svg-inkscape/curva_bezier_svg-tex.pdf Graphic file (type pdf)
<use ./svg-inkscape/curva_bezier_svg-tex.pdf, page 3>
Package pdftex.def Info: ./svg-inkscape/curva_bezier_svg-tex.pdf , page3 used on input line 64.
(pdftex.def)             Requested size: 145.68144pt x 109.43369pt.
<./svg-inkscape/curva_bezier_svg-tex.pdf, id=337, page=4, 419.5675pt x 315.1775pt>
File: ./svg-inkscape/curva_bezier_svg-tex.pdf Graphic file (type pdf)
<use ./svg-inkscape/curva_bezier_svg-tex.pdf, page 4>
Package pdftex.def Info: ./svg-inkscape/curva_bezier_svg-tex.pdf , page4 used on input line 66.
(pdftex.def)             Requested size: 145.68144pt x 109.43369pt.
<./svg-inkscape/curva_bezier_svg-tex.pdf, id=338, page=5, 419.5675pt x 315.1775pt>
File: ./svg-inkscape/curva_bezier_svg-tex.pdf Graphic file (type pdf)
<use ./svg-inkscape/curva_bezier_svg-tex.pdf, page 5>
Package pdftex.def Info: ./svg-inkscape/curva_bezier_svg-tex.pdf , page5 used on input line 68.
(pdftex.def)             Requested size: 145.68144pt x 109.43369pt.
<./svg-inkscape/curva_bezier_svg-tex.pdf, id=339, page=6, 419.5675pt x 315.1775pt>
File: ./svg-inkscape/curva_bezier_svg-tex.pdf Graphic file (type pdf)
<use ./svg-inkscape/curva_bezier_svg-tex.pdf, page 6>
Package pdftex.def Info: ./svg-inkscape/curva_bezier_svg-tex.pdf , page6 used on input line 70.
(pdftex.def)             Requested size: 145.68144pt x 109.43369pt.
<./svg-inkscape/curva_bezier_svg-tex.pdf, id=340, page=7, 419.5675pt x 315.1775pt>
File: ./svg-inkscape/curva_bezier_svg-tex.pdf Graphic file (type pdf)
<use ./svg-inkscape/curva_bezier_svg-tex.pdf, page 7>
Package pdftex.def Info: ./svg-inkscape/curva_bezier_svg-tex.pdf , page7 used on input line 72.
(pdftex.def)             Requested size: 145.68144pt x 109.43369pt.
<./svg-inkscape/curva_bezier_svg-tex.pdf, id=341, page=8, 419.5675pt x 315.1775pt>
File: ./svg-inkscape/curva_bezier_svg-tex.pdf Graphic file (type pdf)
<use ./svg-inkscape/curva_bezier_svg-tex.pdf, page 8>
Package pdftex.def Info: ./svg-inkscape/curva_bezier_svg-tex.pdf , page8 used on input line 74.
(pdftex.def)             Requested size: 145.68144pt x 109.43369pt.
<./svg-inkscape/curva_bezier_svg-tex.pdf, id=342, page=9, 419.5675pt x 315.1775pt>
File: ./svg-inkscape/curva_bezier_svg-tex.pdf Graphic file (type pdf)
<use ./svg-inkscape/curva_bezier_svg-tex.pdf, page 9>
Package pdftex.def Info: ./svg-inkscape/curva_bezier_svg-tex.pdf , page9 used on input line 76.
(pdftex.def)             Requested size: 145.68144pt x 109.43369pt.
<./svg-inkscape/curva_bezier_svg-tex.pdf, id=343, page=10, 419.5675pt x 315.1775pt>
File: ./svg-inkscape/curva_bezier_svg-tex.pdf Graphic file (type pdf)
<use ./svg-inkscape/curva_bezier_svg-tex.pdf, page 10>
Package pdftex.def Info: ./svg-inkscape/curva_bezier_svg-tex.pdf , page10 used on input line 78.
(pdftex.def)             Requested size: 145.68144pt x 109.43369pt.
<./svg-inkscape/curva_bezier_svg-tex.pdf, id=344, page=11, 419.5675pt x 315.1775pt>
File: ./svg-inkscape/curva_bezier_svg-tex.pdf Graphic file (type pdf)
<use ./svg-inkscape/curva_bezier_svg-tex.pdf, page 11>
Package pdftex.def Info: ./svg-inkscape/curva_bezier_svg-tex.pdf , page11 used on input line 80.
(pdftex.def)             Requested size: 145.68144pt x 109.43369pt.
<./svg-inkscape/curva_bezier_svg-tex.pdf, id=345, page=12, 419.5675pt x 315.1775pt>
File: ./svg-inkscape/curva_bezier_svg-tex.pdf Graphic file (type pdf)
<use ./svg-inkscape/curva_bezier_svg-tex.pdf, page 12>
Package pdftex.def Info: ./svg-inkscape/curva_bezier_svg-tex.pdf , page12 used on input line 82.
(pdftex.def)             Requested size: 145.68144pt x 109.43369pt.
<./svg-inkscape/curva_bezier_svg-tex.pdf, id=346, page=13, 419.5675pt x 315.1775pt>
File: ./svg-inkscape/curva_bezier_svg-tex.pdf Graphic file (type pdf)
<use ./svg-inkscape/curva_bezier_svg-tex.pdf, page 13>
Package pdftex.def Info: ./svg-inkscape/curva_bezier_svg-tex.pdf , page13 used on input line 84.
(pdftex.def)             Requested size: 145.68144pt x 109.43369pt.
<./svg-inkscape/curva_bezier_svg-tex.pdf, id=347, page=14, 419.5675pt x 315.1775pt>
File: ./svg-inkscape/curva_bezier_svg-tex.pdf Graphic file (type pdf)
<use ./svg-inkscape/curva_bezier_svg-tex.pdf, page 14>
Package pdftex.def Info: ./svg-inkscape/curva_bezier_svg-tex.pdf , page14 used on input line 86.
(pdftex.def)             Requested size: 145.68144pt x 109.43369pt.
<./svg-inkscape/curva_bezier_svg-tex.pdf, id=348, page=15, 419.5675pt x 315.1775pt>
File: ./svg-inkscape/curva_bezier_svg-tex.pdf Graphic file (type pdf)
<use ./svg-inkscape/curva_bezier_svg-tex.pdf, page 15>
Package pdftex.def Info: ./svg-inkscape/curva_bezier_svg-tex.pdf , page15 used on input line 88.
(pdftex.def)             Requested size: 145.68144pt x 109.43369pt.
<./svg-inkscape/curva_bezier_svg-tex.pdf, id=349, page=16, 419.5675pt x 315.1775pt>
File: ./svg-inkscape/curva_bezier_svg-tex.pdf Graphic file (type pdf)
<use ./svg-inkscape/curva_bezier_svg-tex.pdf, page 16>
Package pdftex.def Info: ./svg-inkscape/curva_bezier_svg-tex.pdf , page16 used on input line 90.
(pdftex.def)             Requested size: 145.68144pt x 109.43369pt.
)
Package svg Info: Last page of `./svg-inkscape/curva_bezier_racional_svg-tex.pdf' is 16 on input line 505.
 (svg-inkscape/curva_bezier_racional_svg-tex.pdf_tex
<./svg-inkscape/curva_bezier_racional_svg-tex.pdf, id=351, page=1, 419.5675pt x 315.1775pt>
File: ./svg-inkscape/curva_bezier_racional_svg-tex.pdf Graphic file (type pdf)
<use ./svg-inkscape/curva_bezier_racional_svg-tex.pdf, page 1>
Package pdftex.def Info: ./svg-inkscape/curva_bezier_racional_svg-tex.pdf , page1 used on input line 56.
(pdftex.def)             Requested size: 150.23138pt x 112.85304pt.
<./svg-inkscape/curva_bezier_racional_svg-tex.pdf, id=352, page=2, 419.5675pt x 315.1775pt>
File: ./svg-inkscape/curva_bezier_racional_svg-tex.pdf Graphic file (type pdf)
<use ./svg-inkscape/curva_bezier_racional_svg-tex.pdf, page 2>
Package pdftex.def Info: ./svg-inkscape/curva_bezier_racional_svg-tex.pdf , page2 used on input line 59.
(pdftex.def)             Requested size: 150.23138pt x 112.85304pt.
<./svg-inkscape/curva_bezier_racional_svg-tex.pdf, id=353, page=3, 419.5675pt x 315.1775pt>
File: ./svg-inkscape/curva_bezier_racional_svg-tex.pdf Graphic file (type pdf)
<use ./svg-inkscape/curva_bezier_racional_svg-tex.pdf, page 3>
Package pdftex.def Info: ./svg-inkscape/curva_bezier_racional_svg-tex.pdf , page3 used on input line 64.
(pdftex.def)             Requested size: 150.23138pt x 112.85304pt.
<./svg-inkscape/curva_bezier_racional_svg-tex.pdf, id=354, page=4, 419.5675pt x 315.1775pt>
File: ./svg-inkscape/curva_bezier_racional_svg-tex.pdf Graphic file (type pdf)
<use ./svg-inkscape/curva_bezier_racional_svg-tex.pdf, page 4>
Package pdftex.def Info: ./svg-inkscape/curva_bezier_racional_svg-tex.pdf , page4 used on input line 66.
(pdftex.def)             Requested size: 150.23138pt x 112.85304pt.
<./svg-inkscape/curva_bezier_racional_svg-tex.pdf, id=355, page=5, 419.5675pt x 315.1775pt>
File: ./svg-inkscape/curva_bezier_racional_svg-tex.pdf Graphic file (type pdf)
<use ./svg-inkscape/curva_bezier_racional_svg-tex.pdf, page 5>
Package pdftex.def Info: ./svg-inkscape/curva_bezier_racional_svg-tex.pdf , page5 used on input line 68.
(pdftex.def)             Requested size: 150.23138pt x 112.85304pt.
<./svg-inkscape/curva_bezier_racional_svg-tex.pdf, id=356, page=6, 419.5675pt x 315.1775pt>
File: ./svg-inkscape/curva_bezier_racional_svg-tex.pdf Graphic file (type pdf)
<use ./svg-inkscape/curva_bezier_racional_svg-tex.pdf, page 6>
Package pdftex.def Info: ./svg-inkscape/curva_bezier_racional_svg-tex.pdf , page6 used on input line 70.
(pdftex.def)             Requested size: 150.23138pt x 112.85304pt.
<./svg-inkscape/curva_bezier_racional_svg-tex.pdf, id=357, page=7, 419.5675pt x 315.1775pt>
File: ./svg-inkscape/curva_bezier_racional_svg-tex.pdf Graphic file (type pdf)
<use ./svg-inkscape/curva_bezier_racional_svg-tex.pdf, page 7>
Package pdftex.def Info: ./svg-inkscape/curva_bezier_racional_svg-tex.pdf , page7 used on input line 72.
(pdftex.def)             Requested size: 150.23138pt x 112.85304pt.
<./svg-inkscape/curva_bezier_racional_svg-tex.pdf, id=358, page=8, 419.5675pt x 315.1775pt>
File: ./svg-inkscape/curva_bezier_racional_svg-tex.pdf Graphic file (type pdf)
<use ./svg-inkscape/curva_bezier_racional_svg-tex.pdf, page 8>
Package pdftex.def Info: ./svg-inkscape/curva_bezier_racional_svg-tex.pdf , page8 used on input line 74.
(pdftex.def)             Requested size: 150.23138pt x 112.85304pt.
<./svg-inkscape/curva_bezier_racional_svg-tex.pdf, id=359, page=9, 419.5675pt x 315.1775pt>
File: ./svg-inkscape/curva_bezier_racional_svg-tex.pdf Graphic file (type pdf)
<use ./svg-inkscape/curva_bezier_racional_svg-tex.pdf, page 9>
Package pdftex.def Info: ./svg-inkscape/curva_bezier_racional_svg-tex.pdf , page9 used on input line 76.
(pdftex.def)             Requested size: 150.23138pt x 112.85304pt.
<./svg-inkscape/curva_bezier_racional_svg-tex.pdf, id=360, page=10, 419.5675pt x 315.1775pt>
File: ./svg-inkscape/curva_bezier_racional_svg-tex.pdf Graphic file (type pdf)
<use ./svg-inkscape/curva_bezier_racional_svg-tex.pdf, page 10>
Package pdftex.def Info: ./svg-inkscape/curva_bezier_racional_svg-tex.pdf , page10 used on input line 78.
(pdftex.def)             Requested size: 150.23138pt x 112.85304pt.
<./svg-inkscape/curva_bezier_racional_svg-tex.pdf, id=361, page=11, 419.5675pt x 315.1775pt>
File: ./svg-inkscape/curva_bezier_racional_svg-tex.pdf Graphic file (type pdf)
<use ./svg-inkscape/curva_bezier_racional_svg-tex.pdf, page 11>
Package pdftex.def Info: ./svg-inkscape/curva_bezier_racional_svg-tex.pdf , page11 used on input line 80.
(pdftex.def)             Requested size: 150.23138pt x 112.85304pt.
<./svg-inkscape/curva_bezier_racional_svg-tex.pdf, id=362, page=12, 419.5675pt x 315.1775pt>
File: ./svg-inkscape/curva_bezier_racional_svg-tex.pdf Graphic file (type pdf)
<use ./svg-inkscape/curva_bezier_racional_svg-tex.pdf, page 12>
Package pdftex.def Info: ./svg-inkscape/curva_bezier_racional_svg-tex.pdf , page12 used on input line 82.
(pdftex.def)             Requested size: 150.23138pt x 112.85304pt.
<./svg-inkscape/curva_bezier_racional_svg-tex.pdf, id=363, page=13, 419.5675pt x 315.1775pt>
File: ./svg-inkscape/curva_bezier_racional_svg-tex.pdf Graphic file (type pdf)
<use ./svg-inkscape/curva_bezier_racional_svg-tex.pdf, page 13>
Package pdftex.def Info: ./svg-inkscape/curva_bezier_racional_svg-tex.pdf , page13 used on input line 84.
(pdftex.def)             Requested size: 150.23138pt x 112.85304pt.
<./svg-inkscape/curva_bezier_racional_svg-tex.pdf, id=364, page=14, 419.5675pt x 315.1775pt>
File: ./svg-inkscape/curva_bezier_racional_svg-tex.pdf Graphic file (type pdf)
<use ./svg-inkscape/curva_bezier_racional_svg-tex.pdf, page 14>
Package pdftex.def Info: ./svg-inkscape/curva_bezier_racional_svg-tex.pdf , page14 used on input line 86.
(pdftex.def)             Requested size: 150.23138pt x 112.85304pt.
<./svg-inkscape/curva_bezier_racional_svg-tex.pdf, id=365, page=15, 419.5675pt x 315.1775pt>
File: ./svg-inkscape/curva_bezier_racional_svg-tex.pdf Graphic file (type pdf)
<use ./svg-inkscape/curva_bezier_racional_svg-tex.pdf, page 15>
Package pdftex.def Info: ./svg-inkscape/curva_bezier_racional_svg-tex.pdf , page15 used on input line 88.
(pdftex.def)             Requested size: 150.23138pt x 112.85304pt.
<./svg-inkscape/curva_bezier_racional_svg-tex.pdf, id=366, page=16, 419.5675pt x 315.1775pt>
File: ./svg-inkscape/curva_bezier_racional_svg-tex.pdf Graphic file (type pdf)
<use ./svg-inkscape/curva_bezier_racional_svg-tex.pdf, page 16>
Package pdftex.def Info: ./svg-inkscape/curva_bezier_racional_svg-tex.pdf , page16 used on input line 90.
(pdftex.def)             Requested size: 150.23138pt x 112.85304pt.
)
LaTeX Font Info:    Font shape `OT1/ptm/bx/n' in size <10> not available
(Font)              Font shape `OT1/ptm/b/n' tried instead on input line 506.
LaTeX Font Info:    Font shape `OT1/ptm/bx/n' in size <7.4> not available
(Font)              Font shape `OT1/ptm/b/n' tried instead on input line 506.
Package svg Info: Last page of `./svg-inkscape/bernstein_bases_p3_svg-tex.pdf' is 3 on input line 510.
 (svg-inkscape/bernstein_bases_p3_svg-tex.pdf_tex
<./svg-inkscape/bernstein_bases_p3_svg-tex.pdf, id=368, page=1, 419.5675pt x 315.1775pt>
File: ./svg-inkscape/bernstein_bases_p3_svg-tex.pdf Graphic file (type pdf)
<use ./svg-inkscape/bernstein_bases_p3_svg-tex.pdf, page 1>
Package pdftex.def Info: ./svg-inkscape/bernstein_bases_p3_svg-tex.pdf , page1 used on input line 56.
(pdftex.def)             Requested size: 145.68144pt x 109.43369pt.
<./svg-inkscape/bernstein_bases_p3_svg-tex.pdf, id=369, page=2, 419.5675pt x 315.1775pt>
File: ./svg-inkscape/bernstein_bases_p3_svg-tex.pdf Graphic file (type pdf)
<use ./svg-inkscape/bernstein_bases_p3_svg-tex.pdf, page 2>
Package pdftex.def Info: ./svg-inkscape/bernstein_bases_p3_svg-tex.pdf , page2 used on input line 63.
(pdftex.def)             Requested size: 145.68144pt x 109.43369pt.
<./svg-inkscape/bernstein_bases_p3_svg-tex.pdf, id=370, page=3, 419.5675pt x 315.1775pt>
File: ./svg-inkscape/bernstein_bases_p3_svg-tex.pdf Graphic file (type pdf)
<use ./svg-inkscape/bernstein_bases_p3_svg-tex.pdf, page 3>
Package pdftex.def Info: ./svg-inkscape/bernstein_bases_p3_svg-tex.pdf , page3 used on input line 70.
(pdftex.def)             Requested size: 145.68144pt x 109.43369pt.
) [8 <./svg-inkscape/curva_bezier_svg-tex.pdf> <./svg-inkscape/curva_bezier_svg-tex.pdf

pdfTeX warning: pdflatex (file ./svg-inkscape/curva_bezier_svg-tex.pdf): PDF inclusion: multiple pdfs with page group included in a single page
> <./svg-inkscape/curva_bezier_svg-tex.pdf

pdfTeX warning: pdflatex (file ./svg-inkscape/curva_bezier_svg-tex.pdf): PDF inclusion: multiple pdfs with page group included in a single page
> <./svg-inkscape/curva_bezier_svg-tex.pdf

pdfTeX warning: pdflatex (file ./svg-inkscape/curva_bezier_svg-tex.pdf): PDF inclusion: multiple pdfs with page group included in a single page
> <./svg-inkscape/curva_bezier_svg-tex.pdf

pdfTeX warning: pdflatex (file ./svg-inkscape/curva_bezier_svg-tex.pdf): PDF inclusion: multiple pdfs with page group included in a single page
> <./svg-inkscape/curva_bezier_svg-tex.pdf

pdfTeX warning: pdflatex (file ./svg-inkscape/curva_bezier_svg-tex.pdf): PDF inclusion: multiple pdfs with page group included in a single page
> <./svg-inkscape/curva_bezier_svg-tex.pdf

pdfTeX warning: pdflatex (file ./svg-inkscape/curva_bezier_svg-tex.pdf): PDF inclusion: multiple pdfs with page group included in a single page
> <./svg-inkscape/curva_bezier_svg-tex.pdf

pdfTeX warning: pdflatex (file ./svg-inkscape/curva_bezier_svg-tex.pdf): PDF inclusion: multiple pdfs with page group included in a single page
> <./svg-inkscape/curva_bezier_svg-tex.pdf

pdfTeX warning: pdflatex (file ./svg-inkscape/curva_bezier_svg-tex.pdf): PDF inclusion: multiple pdfs with page group included in a single page
> <./svg-inkscape/curva_bezier_svg-tex.pdf

pdfTeX warning: pdflatex (file ./svg-inkscape/curva_bezier_svg-tex.pdf): PDF inclusion: multiple pdfs with page group included in a single page
> <./svg-inkscape/curva_bezier_svg-tex.pdf

pdfTeX warning: pdflatex (file ./svg-inkscape/curva_bezier_svg-tex.pdf): PDF inclusion: multiple pdfs with page group included in a single page
> <./svg-inkscape/curva_bezier_svg-tex.pdf

pdfTeX warning: pdflatex (file ./svg-inkscape/curva_bezier_svg-tex.pdf): PDF inclusion: multiple pdfs with page group included in a single page
> <./svg-inkscape/curva_bezier_svg-tex.pdf

pdfTeX warning: pdflatex (file ./svg-inkscape/curva_bezier_svg-tex.pdf): PDF inclusion: multiple pdfs with page group included in a single page
> <./svg-inkscape/curva_bezier_svg-tex.pdf

pdfTeX warning: pdflatex (file ./svg-inkscape/curva_bezier_svg-tex.pdf): PDF inclusion: multiple pdfs with page group included in a single page
> <./svg-inkscape/curva_bezier_svg-tex.pdf

pdfTeX warning: pdflatex (file ./svg-inkscape/curva_bezier_svg-tex.pdf): PDF inclusion: multiple pdfs with page group included in a single page
> <./svg-inkscape/curva_bezier_svg-tex.pdf

pdfTeX warning: pdflatex (file ./svg-inkscape/curva_bezier_svg-tex.pdf): PDF inclusion: multiple pdfs with page group included in a single page
> <./svg-inkscape/curva_bezier_racional_svg-tex.pdf

pdfTeX warning: pdflatex (file ./svg-inkscape/curva_bezier_racional_svg-tex.pdf): PDF inclusion: multiple pdfs with page group included in a single page
> <./svg-inkscape/curva_bezier_racional_svg-tex.pdf

pdfTeX warning: pdflatex (file ./svg-inkscape/curva_bezier_racional_svg-tex.pdf): PDF inclusion: multiple pdfs with page group included in a single page
> <./svg-inkscape/curva_bezier_racional_svg-tex.pdf

pdfTeX warning: pdflatex (file ./svg-inkscape/curva_bezier_racional_svg-tex.pdf): PDF inclusion: multiple pdfs with page group included in a single page
> <./svg-inkscape/curva_bezier_racional_svg-tex.pdf

pdfTeX warning: pdflatex (file ./svg-inkscape/curva_bezier_racional_svg-tex.pdf): PDF inclusion: multiple pdfs with page group included in a single page
> <./svg-inkscape/curva_bezier_racional_svg-tex.pdf

pdfTeX warning: pdflatex (file ./svg-inkscape/curva_bezier_racional_svg-tex.pdf): PDF inclusion: multiple pdfs with page group included in a single page
> <./svg-inkscape/curva_bezier_racional_svg-tex.pdf

pdfTeX warning: pdflatex (file ./svg-inkscape/curva_bezier_racional_svg-tex.pdf): PDF inclusion: multiple pdfs with page group included in a single page
> <./svg-inkscape/curva_bezier_racional_svg-tex.pdf

pdfTeX warning: pdflatex (file ./svg-inkscape/curva_bezier_racional_svg-tex.pdf): PDF inclusion: multiple pdfs with page group included in a single page
> <./svg-inkscape/curva_bezier_racional_svg-tex.pdf

pdfTeX warning: pdflatex (file ./svg-inkscape/curva_bezier_racional_svg-tex.pdf): PDF inclusion: multiple pdfs with page group included in a single page
> <./svg-inkscape/curva_bezier_racional_svg-tex.pdf

pdfTeX warning: pdflatex (file ./svg-inkscape/curva_bezier_racional_svg-tex.pdf): PDF inclusion: multiple pdfs with page group included in a single page
> <./svg-inkscape/curva_bezier_racional_svg-tex.pdf

pdfTeX warning: pdflatex (file ./svg-inkscape/curva_bezier_racional_svg-tex.pdf): PDF inclusion: multiple pdfs with page group included in a single page
> <./svg-inkscape/curva_bezier_racional_svg-tex.pdf

pdfTeX warning: pdflatex (file ./svg-inkscape/curva_bezier_racional_svg-tex.pdf): PDF inclusion: multiple pdfs with page group included in a single page
> <./svg-inkscape/curva_bezier_racional_svg-tex.pdf

pdfTeX warning: pdflatex (file ./svg-inkscape/curva_bezier_racional_svg-tex.pdf): PDF inclusion: multiple pdfs with page group included in a single page
> <./svg-inkscape/curva_bezier_racional_svg-tex.pdf

pdfTeX warning: pdflatex (file ./svg-inkscape/curva_bezier_racional_svg-tex.pdf): PDF inclusion: multiple pdfs with page group included in a single page
> <./svg-inkscape/curva_bezier_racional_svg-tex.pdf

pdfTeX warning: pdflatex (file ./svg-inkscape/curva_bezier_racional_svg-tex.pdf): PDF inclusion: multiple pdfs with page group included in a single page
> <./svg-inkscape/curva_bezier_racional_svg-tex.pdf

pdfTeX warning: pdflatex (file ./svg-inkscape/curva_bezier_racional_svg-tex.pdf): PDF inclusion: multiple pdfs with page group included in a single page
> <./svg-inkscape/curva_bezier_racional_svg-tex.pdf

pdfTeX warning: pdflatex (file ./svg-inkscape/curva_bezier_racional_svg-tex.pdf): PDF inclusion: multiple pdfs with page group included in a single page
> <./svg-inkscape/bernstein_bases_p3_svg-tex.pdf

pdfTeX warning: pdflatex (file ./svg-inkscape/bernstein_bases_p3_svg-tex.pdf): PDF inclusion: multiple pdfs with page group included in a single page
> <./svg-inkscape/bernstein_bases_p3_svg-tex.pdf

pdfTeX warning: pdflatex (file ./svg-inkscape/bernstein_bases_p3_svg-tex.pdf): PDF inclusion: multiple pdfs with page group included in a single page
> <./svg-inkscape/bernstein_bases_p3_svg-tex.pdf

pdfTeX warning: pdflatex (file ./svg-inkscape/bernstein_bases_p3_svg-tex.pdf): PDF inclusion: multiple pdfs with page group included in a single page
>] [9] [10

]
Cap\'{\i }tulo 3.
[11

] [12

]
Cap\'{\i }tulo 4.
[13

] [14

]
Cap\'{\i }tulo 5.
[15

] [16

]
Cap\'{\i }tulo 6.
[17

] [18

] (PlantillaTFG.bbl) [19

] [20

]
Overfull \hbox (8.92148pt too wide) in paragraph at lines 706--708
\T1/ptm/m/n/10.95 Buscamos aho-ra aco-tar el se-gun-do tér-mino uti-li-zan-do pri-me-ro la \T1/ptm/b/n/10.95 des-igual-dad de Cauchy-Schwartz\T1/ptm/m/n/10.95 : 
 []

[21] [22] [23] [24]
Overfull \hbox (10.03943pt too wide) in paragraph at lines 895--897
\T1/ptm/m/n/10.95 Asumimos que $\OML/ztmcm/m/it/10.95 N[]\OT1/ztmcm/m/n/10.95 (\OML/ztmcm/m/it/10.95 u\OT1/ztmcm/m/n/10.95 )$ \T1/ptm/m/n/10.95 tie-ne so-por-te en $\OT1/ztmcm/m/n/10.95 [\OML/ztmcm/m/it/10.95 u[]; u[]\OT1/ztmcm/m/n/10.95 )$ \T1/ptm/m/n/10.95 y $\OML/ztmcm/m/it/10.95 N[]\OT1/ztmcm/m/n/10.95 (\OML/ztmcm/m/it/10.95 u\OT1/ztmcm/m/n/10.95 )$ \T1/ptm/m/n/10.95 tie-ne so-por-te en $\OT1/ztmcm/m/n/10.95 [\OML/ztmcm/m/it/10.95 u[]; u[]\OT1/ztmcm/m/n/10.95 )$\T1/ptm/m/n/10.95 ,
 []

[25] [26]
Overfull \hbox (17.76642pt too wide) detected at line 971
\OT1/ptm/b/n/10.95 C[]\OT1/ztmcm/m/n/10.95 (\OML/ztmcm/m/it/10.95 u\OT1/ztmcm/m/n/10.95 ) = [] [] = [] \OML/ztmcm/m/it/10.95 N[]\OT1/ztmcm/m/n/10.95 (\OML/ztmcm/m/it/10.95 u\OT1/ztmcm/m/n/10.95 )\OT1/ptm/b/n/10.95 P[] \OT1/ztmcm/m/n/10.95 = [] [] \OT1/ptm/b/n/10.95 P[]\OML/ztmcm/m/it/10.95 :
 []

\pydata@fh@0=\write8
\openout8 = `_B2DC335CC6609A05EE33507F30831883.data.minted'.

runsystem(latexminted config  --timestamp 20251201235349 B2DC335CC6609A05EE33507F30831883)...executed.

(_B2DC335CC6609A05EE33507F30831883.config.minted)
runsystem(latexminted cleanconfig  --timestamp 20251201235349 B2DC335CC6609A05EE33507F30831883)...executed.

 (_minted/colorful.style.minted) (_minted/54E4978D7A7E44E4A53B764606380A2D.highlight.minted
LaTeX Font Info:    Font shape `T1/cmtt/bx/n' in size <9> not available
(Font)              Font shape `T1/cmtt/m/n' tried instead on input line 2.
) [27] [28] (_minted/2E95F284C3C3176C9665CAEBDABB8892.highlight.minted [29]) [30] (PlantillaTFG.aux
LaTeX Info: Redefining \. on input line 12.
LaTeX Info: Redefining \% on input line 12.
)
 ***********
LaTeX2e <2025-11-01>
L3 programming layer <2025-11-06>
 ***********
Package rerunfilecheck Info: File `PlantillaTFG.out' has not changed.
(rerunfilecheck)             Checksum: 6E5B34B935017E2981FAB89031AC248A;7797.
 ) 
Here is how much of TeX's memory you used:
 31557 strings out of 467871
 623308 string characters out of 5418375
 1155992 words of memory out of 5000000
 59721 multiletter control sequences out of 15000+600000
 744703 words of font info for 199 fonts, out of 8000000 for 9000
 1141 hyphenation exceptions out of 8191
 94i,17n,94p,635b,1128s stack positions out of 10000i,1000n,20000p,200000b,200000s
 <C:\Users\carlo\AppData\Local\MiKTeX\fonts/pk/ljfour/jknappen/ec/dpi600\tctt0900.pk> <C:\Users\carlo\AppData\Local\MiKTeX\fonts/pk/ljfour/jknappen/ec/dpi600\ectt0900.pk><C:/Users/carlo/AppData/Local/Programs/MiKTeX/fonts/type1/public/amsfonts/cm/cmex10.pfb><C:/Users/carlo/AppData/Local/Programs/MiKTeX/fonts/type1/public/amsfonts/cm/cmmi10.pfb><C:/Users/carlo/AppData/Local/Programs/MiKTeX/fonts/type1/public/amsfonts/cm/cmr10.pfb><C:/Users/carlo/AppData/Local/Programs/MiKTeX/fonts/type1/public/amsfonts/cm/cmsy10.pfb><C:/Users/carlo/AppData/Local/Programs/MiKTeX/fonts/type1/public/amsfonts/symbols/msbm10.pfb><C:/Users/carlo/AppData/Local/Programs/MiKTeX/fonts/type1/public/rsfs/rsfs10.pfb><C:/Users/carlo/AppData/Local/Programs/MiKTeX/fonts/type1/urw/symbol/usyr.pfb><C:/Users/carlo/AppData/Local/Programs/MiKTeX/fonts/type1/urw/symbol/usyr.pfb><C:/Users/carlo/AppData/Local/Programs/MiKTeX/fonts/type1/urw/times/utmb8a.pfb><C:/Users/carlo/AppData/Local/Programs/MiKTeX/fonts/type1/urw/times/utmbi8a.pfb><C:/Users/carlo/AppData/Local/Programs/MiKTeX/fonts/type1/urw/times/utmr8a.pfb><C:/Users/carlo/AppData/Local/Programs/MiKTeX/fonts/type1/urw/times/utmr8a.pfb><C:/Users/carlo/AppData/Local/Programs/MiKTeX/fonts/type1/urw/times/utmri8a.pfb>
Output written on PlantillaTFG.pdf (36 pages, 364532 bytes).
PDF statistics:
 773 PDF objects out of 1000 (max. 8388607)
 124 named destinations out of 1000 (max. 500000)
 549 words of extra memory for PDF output out of 10000 (max. 10000000)

